<?xml version="1.0" encoding="utf-8"?>
<TestRun id="9bcb82bb-5abc-4d80-b688-31a8432daabf" name="runneradmin@fv-az270-743 2022-07-06 19:35:01" runUser="fv-az270-743\runneradmin" xmlns="http://microsoft.com/schemas/VisualStudio/TeamTest/2010">
  <Times creation="2022-07-06T19:35:01.3532006+00:00" queuing="2022-07-06T19:35:01.3532008+00:00" start="2022-07-06T19:34:59.3680312+00:00" finish="2022-07-06T19:35:05.6581308+00:00" />
  <TestSettings name="default" id="8bf17c31-83c6-428d-a5fc-bd828577f0bc">
    <Deployment runDeploymentRoot="runneradmin_fv-az270-743_2022-07-06_19_35_01" />
  </TestSettings>
  <Results>
    <UnitTestResult executionId="ed3b63b7-da1c-40b9-910d-b316ecc65554" testId="aec60494-3c2e-8ec9-f948-da5bb2043983" testName="UnitTests.Controllers.ItemControllerTests.UserCanEdit_ReturnsBool(canEdit: True)" computerName="fv-az270-743" duration="00:00:00.0010000" startTime="2022-07-06T19:35:01.5107185+00:00" endTime="2022-07-06T19:35:01.5107185+00:00" testType="13cdc9d9-ddb5-4fa4-a97d-d965ccfc6d4b" outcome="Passed" testListId="8c84fa94-04c1-424b-9868-57a2d4851a1d" relativeResultsDirectory="ed3b63b7-da1c-40b9-910d-b316ecc65554" />
    <UnitTestResult executionId="c746ad5b-4dd7-4f6a-b54d-acc29a2fe000" testId="113f48ce-a6a3-c5df-7589-ba5a5fcb9c59" testName="UnitTests.Controllers.ModuleExceptionFilterAttributeTests.NoException_DoesNothing" computerName="fv-az270-743" duration="00:00:00.0010000" startTime="2022-07-06T19:35:01.2827183+00:00" endTime="2022-07-06T19:35:01.2827183+00:00" testType="13cdc9d9-ddb5-4fa4-a97d-d965ccfc6d4b" outcome="Passed" testListId="8c84fa94-04c1-424b-9868-57a2d4851a1d" relativeResultsDirectory="c746ad5b-4dd7-4f6a-b54d-acc29a2fe000" />
    <UnitTestResult executionId="d22aa7f3-65bb-4eb1-b3cc-44269d305ea2" testId="130d9133-361f-a0da-f15e-423eb98947ac" testName="UnitTests.Services.ItemServiceTests.UpdateItem_Updates" computerName="fv-az270-743" duration="00:00:00.0200000" startTime="2022-07-06T19:35:01.7357183+00:00" endTime="2022-07-06T19:35:01.7357183+00:00" testType="13cdc9d9-ddb5-4fa4-a97d-d965ccfc6d4b" outcome="Passed" testListId="8c84fa94-04c1-424b-9868-57a2d4851a1d" relativeResultsDirectory="d22aa7f3-65bb-4eb1-b3cc-44269d305ea2" />
    <UnitTestResult executionId="c5bdbc81-c446-4e0b-bbfb-5c8666638125" testId="a21637b0-54f8-4fa0-bc3b-95481a9fd90b" testName="UnitTests.Controllers.ModuleExceptionFilterAttributeTests.ArgumentException_BadRequest(exception: System.NotImplementedException: Not Implemented, expectedStatusCode: NotImplemented)" computerName="fv-az270-743" duration="00:00:00.0010000" startTime="2022-07-06T19:35:01.2807196+00:00" endTime="2022-07-06T19:35:01.2807196+00:00" testType="13cdc9d9-ddb5-4fa4-a97d-d965ccfc6d4b" outcome="Passed" testListId="8c84fa94-04c1-424b-9868-57a2d4851a1d" relativeResultsDirectory="c5bdbc81-c446-4e0b-bbfb-5c8666638125" />
    <UnitTestResult executionId="969fbc10-f305-4cb2-ba02-43d7328493ce" testId="ae39aa62-5ff2-56e7-d00e-ef116d711d51" testName="UnitTests.Data.Repositories.GenericRepositoryTests.Repository_Create_DefaultAudit" computerName="fv-az270-743" duration="00:00:00.0080000" startTime="2022-07-06T19:35:05.4428058+00:00" endTime="2022-07-06T19:35:05.4428058+00:00" testType="13cdc9d9-ddb5-4fa4-a97d-d965ccfc6d4b" outcome="Passed" testListId="8c84fa94-04c1-424b-9868-57a2d4851a1d" relativeResultsDirectory="969fbc10-f305-4cb2-ba02-43d7328493ce" />
    <UnitTestResult executionId="ab50a406-ec84-4d0b-875a-f3ef10f99b44" testId="ac1c50bc-98fd-036f-fe0f-d46cb187f90e" testName="UnitTests.Services.LoggingServiceTests.LogginService_TestableConstructorLogsError" computerName="fv-az270-743" duration="00:00:00.0130000" startTime="2022-07-06T19:35:02.2224957+00:00" endTime="2022-07-06T19:35:02.2224957+00:00" testType="13cdc9d9-ddb5-4fa4-a97d-d965ccfc6d4b" outcome="Passed" testListId="8c84fa94-04c1-424b-9868-57a2d4851a1d" relativeResultsDirectory="ab50a406-ec84-4d0b-875a-f3ef10f99b44" />
    <UnitTestResult executionId="e85bab46-0410-4ede-add7-4111b2a1645b" testId="d6094ca1-b65b-5133-f464-9f7d01f0d023" testName="UnitTests.Controllers.ItemControllerTests.DeleteItem_Deletes(itemId: 10)" computerName="fv-az270-743" duration="00:00:00.0020000" startTime="2022-07-06T19:35:01.6107178+00:00" endTime="2022-07-06T19:35:01.6107178+00:00" testType="13cdc9d9-ddb5-4fa4-a97d-d965ccfc6d4b" outcome="Passed" testListId="8c84fa94-04c1-424b-9868-57a2d4851a1d" relativeResultsDirectory="e85bab46-0410-4ede-add7-4111b2a1645b" />
    <UnitTestResult executionId="4cbc1987-5102-4498-a291-b8b312334df6" testId="e6e0a140-85e7-6935-6160-ab95ecfd3c8a" testName="UnitTests.Data.Repositories.GenericRepositoryTests.GenericRepositoryCreatesAndGetsById" computerName="fv-az270-743" duration="00:00:00.0340000" startTime="2022-07-06T19:35:05.4768038+00:00" endTime="2022-07-06T19:35:05.4768038+00:00" testType="13cdc9d9-ddb5-4fa4-a97d-d965ccfc6d4b" outcome="Passed" testListId="8c84fa94-04c1-424b-9868-57a2d4851a1d" relativeResultsDirectory="4cbc1987-5102-4498-a291-b8b312334df6" />
    <UnitTestResult executionId="9970ae34-7872-42d5-ae2b-c38f4e998812" testId="61a8ccc9-c5b1-047b-3c97-f777ccc7d30b" testName="UnitTests.Controllers.ValidateModelAttributeTests.OnActionExecuting_Invalid_Works" computerName="fv-az270-743" duration="00:00:00.4770000" startTime="2022-07-06T19:35:02.1964952+00:00" endTime="2022-07-06T19:35:02.1964952+00:00" testType="13cdc9d9-ddb5-4fa4-a97d-d965ccfc6d4b" outcome="Passed" testListId="8c84fa94-04c1-424b-9868-57a2d4851a1d" relativeResultsDirectory="9970ae34-7872-42d5-ae2b-c38f4e998812" />
    <UnitTestResult executionId="438c8f00-e149-4bab-a02f-650663e56de9" testId="24cfa8b0-48c3-8aab-e4c2-88694c220e2c" testName="UnitTests.Data.Repositories.GenericRepositoryTests.GenericRepositoryUpdate_ThrowsWithNullEntity" computerName="fv-az270-743" duration="00:00:00.0010000" startTime="2022-07-06T19:35:05.4358038+00:00" endTime="2022-07-06T19:35:05.4358038+00:00" testType="13cdc9d9-ddb5-4fa4-a97d-d965ccfc6d4b" outcome="Passed" testListId="8c84fa94-04c1-424b-9868-57a2d4851a1d" relativeResultsDirectory="438c8f00-e149-4bab-a02f-650663e56de9" />
    <UnitTestResult executionId="a36dce8a-f2db-4b47-937a-e05f96982235" testId="1a74e347-4470-5271-97ab-1ebaf8693270" testName="UnitTests.Controllers.ModuleExceptionFilterAttributeTests.SystemException_DoesNotExposeDetails" computerName="fv-az270-743" duration="00:00:00.0790000" startTime="2022-07-06T19:35:01.3587200+00:00" endTime="2022-07-06T19:35:01.3587200+00:00" testType="13cdc9d9-ddb5-4fa4-a97d-d965ccfc6d4b" outcome="Passed" testListId="8c84fa94-04c1-424b-9868-57a2d4851a1d" relativeResultsDirectory="a36dce8a-f2db-4b47-937a-e05f96982235" />
    <UnitTestResult executionId="1125b54e-3a75-4782-b6e9-5a17f01ea658" testId="bae3532a-4a9e-c4ab-fc66-4dfa22d16170" testName="UnitTests.Controllers.ModuleApiControllerTests.HasUserInfo" computerName="fv-az270-743" duration="00:00:00.0530000" startTime="2022-07-06T19:35:01.7177184+00:00" endTime="2022-07-06T19:35:01.7177184+00:00" testType="13cdc9d9-ddb5-4fa4-a97d-d965ccfc6d4b" outcome="Passed" testListId="8c84fa94-04c1-424b-9868-57a2d4851a1d" relativeResultsDirectory="1125b54e-3a75-4782-b6e9-5a17f01ea658" />
    <UnitTestResult executionId="67cd3b39-ee12-46d7-92d5-86df1cc3d1ae" testId="3688eeeb-2a1a-6ffa-a193-543baf24437a" testName="UnitTests.Data.Repositories.GenericRepositoryTests.GetPage_Pages(page: 0, pageSize: 0, expectedItems: 1, expectedPages: 50)" computerName="fv-az270-743" duration="00:00:00.0750000" startTime="2022-07-06T19:35:04.1749037+00:00" endTime="2022-07-06T19:35:04.1749037+00:00" testType="13cdc9d9-ddb5-4fa4-a97d-d965ccfc6d4b" outcome="Passed" testListId="8c84fa94-04c1-424b-9868-57a2d4851a1d" relativeResultsDirectory="67cd3b39-ee12-46d7-92d5-86df1cc3d1ae" />
    <UnitTestResult executionId="b9ef168f-573e-4347-8069-12b913fd9057" testId="8ba31d1b-48e3-e04e-cff0-b927c63b4a19" testName="UnitTests.Services.LoggingServiceTests.LoggingService_DefaultConstructorExists" computerName="fv-az270-743" duration="00:00:00.0010000" startTime="2022-07-06T19:35:02.2094952+00:00" endTime="2022-07-06T19:35:02.2094952+00:00" testType="13cdc9d9-ddb5-4fa4-a97d-d965ccfc6d4b" outcome="Passed" testListId="8c84fa94-04c1-424b-9868-57a2d4851a1d" relativeResultsDirectory="b9ef168f-573e-4347-8069-12b913fd9057" />
    <UnitTestResult executionId="b08312db-a25e-4d4a-bb2f-c20f67c3c261" testId="a21637b0-54f8-4fa0-bc3b-95481a9fd90b" testName="UnitTests.Controllers.ModuleExceptionFilterAttributeTests.ArgumentException_BadRequest(exception: System.UnauthorizedAccessException: Unauthorized, expectedStatusCode: Unauthorized)" computerName="fv-az270-743" duration="00:00:00.0010000" startTime="2022-07-06T19:35:01.2817180+00:00" endTime="2022-07-06T19:35:01.2817180+00:00" testType="13cdc9d9-ddb5-4fa4-a97d-d965ccfc6d4b" outcome="Passed" testListId="8c84fa94-04c1-424b-9868-57a2d4851a1d" relativeResultsDirectory="b08312db-a25e-4d4a-bb2f-c20f67c3c261" />
    <UnitTestResult executionId="496b104e-23f6-4aea-902e-8459a097f2eb" testId="a21637b0-54f8-4fa0-bc3b-95481a9fd90b" testName="UnitTests.Controllers.ModuleExceptionFilterAttributeTests.ArgumentException_BadRequest(exception: System.ArgumentException: Argument, expectedStatusCode: BadRequest)" computerName="fv-az270-743" duration="00:00:00.0010000" startTime="2022-07-06T19:35:01.2807196+00:00" endTime="2022-07-06T19:35:01.2807196+00:00" testType="13cdc9d9-ddb5-4fa4-a97d-d965ccfc6d4b" outcome="Passed" testListId="8c84fa94-04c1-424b-9868-57a2d4851a1d" relativeResultsDirectory="496b104e-23f6-4aea-902e-8459a097f2eb" />
    <UnitTestResult executionId="20fee82d-3cf9-4638-878e-df1dd1923ba6" testId="ac2a99ba-3563-74a9-7d4c-8e91a58cd097" testName="UnitTests.Data.ModuleDbContextTests.DefaultConstructorThrows" computerName="fv-az270-743" duration="00:00:00.0040000" startTime="2022-07-06T19:35:02.2084953+00:00" endTime="2022-07-06T19:35:02.2084953+00:00" testType="13cdc9d9-ddb5-4fa4-a97d-d965ccfc6d4b" outcome="Passed" testListId="8c84fa94-04c1-424b-9868-57a2d4851a1d" relativeResultsDirectory="20fee82d-3cf9-4638-878e-df1dd1923ba6" />
    <UnitTestResult executionId="0127c569-02ad-4656-ae72-8226406516fa" testId="92b7b9f6-1294-7ea1-ffa3-91fba85074d4" testName="UnitTests.Services.ItemServiceTests.UpdateItem_NoName_Throws(name: &quot;  &quot;)" computerName="fv-az270-743" duration="00:00:00.0010000" startTime="2022-07-06T19:35:01.7317180+00:00" endTime="2022-07-06T19:35:01.7317180+00:00" testType="13cdc9d9-ddb5-4fa4-a97d-d965ccfc6d4b" outcome="Passed" testListId="8c84fa94-04c1-424b-9868-57a2d4851a1d" relativeResultsDirectory="0127c569-02ad-4656-ae72-8226406516fa" />
    <UnitTestResult executionId="7b28080c-15ba-427d-b9f8-795d905d7558" testId="a21637b0-54f8-4fa0-bc3b-95481a9fd90b" testName="UnitTests.Controllers.ModuleExceptionFilterAttributeTests.ArgumentException_BadRequest(exception: System.ArgumentOutOfRangeException: Specified argument was out of the range of valid values.&#xD;&#xA;Parameter name: Out of range, expectedStatusCode: BadRequest)" computerName="fv-az270-743" duration="00:00:00.0010000" startTime="2022-07-06T19:35:01.2797187+00:00" endTime="2022-07-06T19:35:01.2797187+00:00" testType="13cdc9d9-ddb5-4fa4-a97d-d965ccfc6d4b" outcome="Passed" testListId="8c84fa94-04c1-424b-9868-57a2d4851a1d" relativeResultsDirectory="7b28080c-15ba-427d-b9f8-795d905d7558" />
    <UnitTestResult executionId="e3ba3219-b96c-4a1f-bc7b-cae2cdd02062" testId="0bc54975-0bff-692e-a9b3-fc69f2c95a39" testName="UnitTests.Data.Repositories.GenericRepositoryTests.GenericRepositoryDeletes" computerName="fv-az270-743" duration="00:00:02.7900000" startTime="2022-07-06T19:35:03.8837969+00:00" endTime="2022-07-06T19:35:03.8837969+00:00" testType="13cdc9d9-ddb5-4fa4-a97d-d965ccfc6d4b" outcome="Passed" testListId="8c84fa94-04c1-424b-9868-57a2d4851a1d" relativeResultsDirectory="e3ba3219-b96c-4a1f-bc7b-cae2cdd02062" />
    <UnitTestResult executionId="82f56505-9ea0-454b-86ea-c0b825a20136" testId="e55f1742-c16d-5086-2251-ad3372dd48f5" testName="UnitTests.Controllers.ValidateModelAttributeTests.OnActionExecuting_Valid_Works" computerName="fv-az270-743" duration="00:00:00.0030000" startTime="2022-07-06T19:35:01.7497179+00:00" endTime="2022-07-06T19:35:01.7497179+00:00" testType="13cdc9d9-ddb5-4fa4-a97d-d965ccfc6d4b" outcome="Passed" testListId="8c84fa94-04c1-424b-9868-57a2d4851a1d" relativeResultsDirectory="82f56505-9ea0-454b-86ea-c0b825a20136" />
    <UnitTestResult executionId="b77f710d-935c-4931-95a2-5afb6818fe72" testId="a21637b0-54f8-4fa0-bc3b-95481a9fd90b" testName="UnitTests.Controllers.ModuleExceptionFilterAttributeTests.ArgumentException_BadRequest(exception: System.TimeoutException: Timed out, expectedStatusCode: RequestTimeout)" computerName="fv-az270-743" duration="00:00:00.0010000" startTime="2022-07-06T19:35:01.2817180+00:00" endTime="2022-07-06T19:35:01.2817180+00:00" testType="13cdc9d9-ddb5-4fa4-a97d-d965ccfc6d4b" outcome="Passed" testListId="8c84fa94-04c1-424b-9868-57a2d4851a1d" relativeResultsDirectory="b77f710d-935c-4931-95a2-5afb6818fe72" />
    <UnitTestResult executionId="fe855d92-b6c4-4ad5-9b15-e97f18f2116e" testId="d6cab32e-cf28-1ba8-73a6-76c46cb62c4a" testName="UnitTests.Data.Repositories.GenericRepositoryTests.Pages_With_Related_Entities" computerName="fv-az270-743" duration="00:00:01.0700000" startTime="2022-07-06T19:35:05.3116054+00:00" endTime="2022-07-06T19:35:05.3116054+00:00" testType="13cdc9d9-ddb5-4fa4-a97d-d965ccfc6d4b" outcome="Passed" testListId="8c84fa94-04c1-424b-9868-57a2d4851a1d" relativeResultsDirectory="fe855d92-b6c4-4ad5-9b15-e97f18f2116e" />
    <UnitTestResult executionId="1fb916c9-b4ea-47e8-a1d8-bb3fd758f237" testId="70ede014-c412-e387-bb98-e95b3b42090d" testName="UnitTests.Data.Repositories.GenericRepositoryTests.GenericRepositoryUpdates" computerName="fv-az270-743" duration="00:00:00.0330000" startTime="2022-07-06T19:35:04.0453716+00:00" endTime="2022-07-06T19:35:04.0453716+00:00" testType="13cdc9d9-ddb5-4fa4-a97d-d965ccfc6d4b" outcome="Passed" testListId="8c84fa94-04c1-424b-9868-57a2d4851a1d" relativeResultsDirectory="1fb916c9-b4ea-47e8-a1d8-bb3fd758f237" />
    <UnitTestResult executionId="d465cbbc-0a37-4904-9681-dda2bd6f8bac" testId="478b61ee-7d85-9dbe-985d-08c590f8666a" testName="UnitTests.Controllers.ItemControllerTests.DeleteItem_Deletes(itemId: 1)" computerName="fv-az270-743" duration="00:00:00.0010000" startTime="2022-07-06T19:35:01.6117171+00:00" endTime="2022-07-06T19:35:01.6117171+00:00" testType="13cdc9d9-ddb5-4fa4-a97d-d965ccfc6d4b" outcome="Passed" testListId="8c84fa94-04c1-424b-9868-57a2d4851a1d" relativeResultsDirectory="d465cbbc-0a37-4904-9681-dda2bd6f8bac" />
    <UnitTestResult executionId="89a9f533-8a4a-46a2-b25b-8e34275e41b6" testId="1c164fbc-1ab1-9884-ccb8-9e84f4c977d0" testName="UnitTests.Services.ItemServiceTests.UpdateItem_NoName_Throws(name: &quot; &quot;)" computerName="fv-az270-743" duration="00:00:00.0010000" startTime="2022-07-06T19:35:01.7307177+00:00" endTime="2022-07-06T19:35:01.7307177+00:00" testType="13cdc9d9-ddb5-4fa4-a97d-d965ccfc6d4b" outcome="Passed" testListId="8c84fa94-04c1-424b-9868-57a2d4851a1d" relativeResultsDirectory="89a9f533-8a4a-46a2-b25b-8e34275e41b6" />
    <UnitTestResult executionId="bb82bc70-0430-4f99-b9ae-0e3144b1726a" testId="9168bdef-a759-f4d6-b890-b643e17324cf" testName="UnitTests.Services.LoggingServiceTests.LogginService_TestableConstructorLogsErrorWithException" computerName="fv-az270-743" duration="00:00:00.0010000" startTime="2022-07-06T19:35:02.2234959+00:00" endTime="2022-07-06T19:35:02.2234959+00:00" testType="13cdc9d9-ddb5-4fa4-a97d-d965ccfc6d4b" outcome="Passed" testListId="8c84fa94-04c1-424b-9868-57a2d4851a1d" relativeResultsDirectory="bb82bc70-0430-4f99-b9ae-0e3144b1726a" />
    <UnitTestResult executionId="7edae4d7-416b-4522-92e8-948eb5103831" testId="96a18501-dea4-70b1-d572-baa1bb120da2" testName="UnitTests.Data.Entities.ItemTests.ItemPropertiesPersist(id: 2, name: &quot;Name2&quot;, description: &quot;Description2&quot;)" computerName="fv-az270-743" duration="00:00:00.0010000" startTime="2022-07-06T19:35:01.7217189+00:00" endTime="2022-07-06T19:35:01.7217189+00:00" testType="13cdc9d9-ddb5-4fa4-a97d-d965ccfc6d4b" outcome="Passed" testListId="8c84fa94-04c1-424b-9868-57a2d4851a1d" relativeResultsDirectory="7edae4d7-416b-4522-92e8-948eb5103831" />
    <UnitTestResult executionId="b52c23f3-d1bc-44c5-b641-e6a6731bc3f2" testId="b76e01b1-6afe-f33b-c6a9-ea3347176509" testName="UnitTests.Services.ItemServiceTests.UpdateItem_NoName_Throws(name: null)" computerName="fv-az270-743" duration="00:00:00.0010000" startTime="2022-07-06T19:35:01.7297183+00:00" endTime="2022-07-06T19:35:01.7297183+00:00" testType="13cdc9d9-ddb5-4fa4-a97d-d965ccfc6d4b" outcome="Passed" testListId="8c84fa94-04c1-424b-9868-57a2d4851a1d" relativeResultsDirectory="b52c23f3-d1bc-44c5-b641-e6a6731bc3f2" />
    <UnitTestResult executionId="049d5487-b106-4434-9d4d-c56fa65f3e34" testId="1017c6c1-9dd0-57dc-36e7-bb573d02562e" testName="UnitTests.Controllers.ItemControllerTests.GetItemsPage_GetsProperPages" computerName="fv-az270-743" duration="00:00:00.0070000" startTime="2022-07-06T19:35:01.5577162+00:00" endTime="2022-07-06T19:35:01.5577162+00:00" testType="13cdc9d9-ddb5-4fa4-a97d-d965ccfc6d4b" outcome="Passed" testListId="8c84fa94-04c1-424b-9868-57a2d4851a1d" relativeResultsDirectory="049d5487-b106-4434-9d4d-c56fa65f3e34" />
    <UnitTestResult executionId="76ce00a0-c726-4541-8a38-085dd624c93a" testId="248341cb-553e-e275-a8eb-499567f40929" testName="UnitTests.Common.Extensions.IQueryableExtensionsTests.Order_OrdersBothWays(descending: False, expected: [1, 2, 3])" computerName="fv-az270-743" duration="00:00:00.0010000" startTime="2022-07-06T19:35:02.2444956+00:00" endTime="2022-07-06T19:35:02.2444956+00:00" testType="13cdc9d9-ddb5-4fa4-a97d-d965ccfc6d4b" outcome="Passed" testListId="8c84fa94-04c1-424b-9868-57a2d4851a1d" relativeResultsDirectory="76ce00a0-c726-4541-8a38-085dd624c93a" />
    <UnitTestResult executionId="b6b8e51f-81ae-4713-90b4-d5eb81b02f37" testId="19b6234c-c2df-2304-54f9-54b0da4cd6ba" testName="UnitTests.Services.ItemServiceTests.CreateItem_NoNameThrows" computerName="fv-az270-743" duration="00:00:00.0020000" startTime="2022-07-06T19:35:01.7277174+00:00" endTime="2022-07-06T19:35:01.7277174+00:00" testType="13cdc9d9-ddb5-4fa4-a97d-d965ccfc6d4b" outcome="Passed" testListId="8c84fa94-04c1-424b-9868-57a2d4851a1d" relativeResultsDirectory="b6b8e51f-81ae-4713-90b4-d5eb81b02f37" />
    <UnitTestResult executionId="068cd05a-350f-4614-99b7-65d3024a1a17" testId="36689490-09d4-917f-648a-70dcfcfede10" testName="UnitTests.Data.Repositories.GenericRepositoryTests.GenericRepositoryCreate_ThrowsWithNullEntity" computerName="fv-az270-743" duration="00:00:00.0010000" startTime="2022-07-06T19:35:03.9913725+00:00" endTime="2022-07-06T19:35:03.9913725+00:00" testType="13cdc9d9-ddb5-4fa4-a97d-d965ccfc6d4b" outcome="Passed" testListId="8c84fa94-04c1-424b-9868-57a2d4851a1d" relativeResultsDirectory="068cd05a-350f-4614-99b7-65d3024a1a17" />
    <UnitTestResult executionId="b2048a8f-84ea-446a-b0aa-84e49dc81899" testId="320e3c11-11d1-b3ef-0d2e-5e474f674ff1" testName="UnitTests.Controllers.ModuleApiControllerTests.CanEdit_DefaultsToFalse" computerName="fv-az270-743" duration="00:00:00.0030000" startTime="2022-07-06T19:35:01.7187182+00:00" endTime="2022-07-06T19:35:01.7187182+00:00" testType="13cdc9d9-ddb5-4fa4-a97d-d965ccfc6d4b" outcome="Passed" testListId="8c84fa94-04c1-424b-9868-57a2d4851a1d" relativeResultsDirectory="b2048a8f-84ea-446a-b0aa-84e49dc81899" />
    <UnitTestResult executionId="bb468786-5d3a-4493-86fc-ad481832777c" testId="e1c7f76f-6195-c844-23c0-304b47fbae66" testName="UnitTests.Data.Repositories.GenericRepositoryTests.Repository_Create_UsesUserId" computerName="fv-az270-743" duration="00:00:00.0070000" startTime="2022-07-06T19:35:03.8917991+00:00" endTime="2022-07-06T19:35:03.8917991+00:00" testType="13cdc9d9-ddb5-4fa4-a97d-d965ccfc6d4b" outcome="Passed" testListId="8c84fa94-04c1-424b-9868-57a2d4851a1d" relativeResultsDirectory="bb468786-5d3a-4493-86fc-ad481832777c" />
    <UnitTestResult executionId="90486f49-317b-414a-8ef3-4e03e28e83c2" testId="44b00d3a-bad7-aefd-141c-4a35b11463b2" testName="UnitTests.Data.Repositories.GenericRepositoryTests.Repository_Update_DefaultAudit" computerName="fv-az270-743" duration="00:00:00.1220000" startTime="2022-07-06T19:35:05.4338043+00:00" endTime="2022-07-06T19:35:05.4338043+00:00" testType="13cdc9d9-ddb5-4fa4-a97d-d965ccfc6d4b" outcome="Passed" testListId="8c84fa94-04c1-424b-9868-57a2d4851a1d" relativeResultsDirectory="90486f49-317b-414a-8ef3-4e03e28e83c2" />
    <UnitTestResult executionId="bbb35bd4-4f09-48f6-a173-55b9c12a1e4f" testId="f5652070-1b22-f5a7-3f3f-68b37c9184a8" testName="UnitTests.Services.ItemServiceTests.CreateItem_NoItemThrows" computerName="fv-az270-743" duration="00:00:00.0010000" startTime="2022-07-06T19:35:01.7367199+00:00" endTime="2022-07-06T19:35:01.7367199+00:00" testType="13cdc9d9-ddb5-4fa4-a97d-d965ccfc6d4b" outcome="Passed" testListId="8c84fa94-04c1-424b-9868-57a2d4851a1d" relativeResultsDirectory="bbb35bd4-4f09-48f6-a173-55b9c12a1e4f" />
    <UnitTestResult executionId="61c8d418-1514-4f5d-beea-f307e73ae4ee" testId="74c28fcf-aa9b-2bab-0ff6-cfa98a0ddf49" testName="UnitTests.Data.Repositories.GenericRepositoryTests.GetPage_Pages(page: 3, pageSize: 20, expectedItems: 10, expectedPages: 3)" computerName="fv-az270-743" duration="00:00:00.0330000" startTime="2022-07-06T19:35:04.2079043+00:00" endTime="2022-07-06T19:35:04.2079043+00:00" testType="13cdc9d9-ddb5-4fa4-a97d-d965ccfc6d4b" outcome="Passed" testListId="8c84fa94-04c1-424b-9868-57a2d4851a1d" relativeResultsDirectory="61c8d418-1514-4f5d-beea-f307e73ae4ee" />
    <UnitTestResult executionId="e2d4b1c6-4965-4a99-8c9e-4509551633dc" testId="986d7e6e-d04d-b204-b01c-fbb8f09c7774" testName="UnitTests.Controllers.ServiceRouteMapperTests.RegisterRoutes_RegistersAtLestOneRoute" computerName="fv-az270-743" duration="00:00:00.0080000" startTime="2022-07-06T19:35:02.2044952+00:00" endTime="2022-07-06T19:35:02.2044952+00:00" testType="13cdc9d9-ddb5-4fa4-a97d-d965ccfc6d4b" outcome="Passed" testListId="8c84fa94-04c1-424b-9868-57a2d4851a1d" relativeResultsDirectory="e2d4b1c6-4965-4a99-8c9e-4509551633dc" />
    <UnitTestResult executionId="587c78ea-00eb-4c53-bd09-c69285435686" testId="0247c7e7-7d1c-099b-2ac8-81a47ff2509a" testName="UnitTests.Controllers.ItemControllerTests.UserCanEdit_ReturnsBool(canEdit: False)" computerName="fv-az270-743" duration="00:00:00.1430000" startTime="2022-07-06T19:35:01.5097184+00:00" endTime="2022-07-06T19:35:01.5097184+00:00" testType="13cdc9d9-ddb5-4fa4-a97d-d965ccfc6d4b" outcome="Passed" testListId="8c84fa94-04c1-424b-9868-57a2d4851a1d" relativeResultsDirectory="587c78ea-00eb-4c53-bd09-c69285435686" />
    <UnitTestResult executionId="94785b9e-4df2-4fb4-9d79-a54e741c88c0" testId="b6579d24-7c4e-c42d-2ead-85e0f30e0a64" testName="UnitTests.Common.Extensions.IQueryableExtensionsTests.Order_OrdersBothWays(descending: True, expected: [3, 2, 1])" computerName="fv-az270-743" duration="00:00:00.0200000" startTime="2022-07-06T19:35:02.2434940+00:00" endTime="2022-07-06T19:35:02.2434940+00:00" testType="13cdc9d9-ddb5-4fa4-a97d-d965ccfc6d4b" outcome="Passed" testListId="8c84fa94-04c1-424b-9868-57a2d4851a1d" relativeResultsDirectory="94785b9e-4df2-4fb4-9d79-a54e741c88c0" />
    <UnitTestResult executionId="b73e344f-df06-4d9b-aade-f49410b6b1eb" testId="e4f8faa7-d0ad-86e6-1579-7bd52372b4c3" testName="UnitTests.Data.Repositories.GenericRepositoryTests.GenericRepositoryConstructs" computerName="fv-az270-743" duration="00:00:00.0010000" startTime="2022-07-06T19:35:04.1009039+00:00" endTime="2022-07-06T19:35:04.1009039+00:00" testType="13cdc9d9-ddb5-4fa4-a97d-d965ccfc6d4b" outcome="Passed" testListId="8c84fa94-04c1-424b-9868-57a2d4851a1d" relativeResultsDirectory="b73e344f-df06-4d9b-aade-f49410b6b1eb" />
    <UnitTestResult executionId="349990e6-32cb-4389-b54e-eada2dd30d96" testId="a9198ad3-782e-a37c-0b5f-1330f5318f55" testName="UnitTests.Services.ItemServiceTests.CreateItem_Creates" computerName="fv-az270-743" duration="00:00:00.0070000" startTime="2022-07-06T19:35:01.7397172+00:00" endTime="2022-07-06T19:35:01.7397172+00:00" testType="13cdc9d9-ddb5-4fa4-a97d-d965ccfc6d4b" outcome="Passed" testListId="8c84fa94-04c1-424b-9868-57a2d4851a1d" relativeResultsDirectory="349990e6-32cb-4389-b54e-eada2dd30d96" />
    <UnitTestResult executionId="055be22d-3a25-4f14-9549-2f58200db231" testId="e6610648-e456-1c64-d2b1-7e1242b871a8" testName="UnitTests.Services.ItemServiceTests.DeleteItem_Deletes" computerName="fv-az270-743" duration="00:00:00.0010000" startTime="2022-07-06T19:35:01.7387160+00:00" endTime="2022-07-06T19:35:01.7387160+00:00" testType="13cdc9d9-ddb5-4fa4-a97d-d965ccfc6d4b" outcome="Passed" testListId="8c84fa94-04c1-424b-9868-57a2d4851a1d" relativeResultsDirectory="055be22d-3a25-4f14-9549-2f58200db231" />
    <UnitTestResult executionId="36d00604-35a4-4036-ba52-3172b6097154" testId="a21637b0-54f8-4fa0-bc3b-95481a9fd90b" testName="UnitTests.Controllers.ModuleExceptionFilterAttributeTests.ArgumentException_BadRequest(exception: System.ArgumentNullException: Value cannot be null.&#xD;&#xA;Parameter name: Null, expectedStatusCode: BadRequest)" computerName="fv-az270-743" duration="00:00:00.2050000" startTime="2022-07-06T19:35:01.2777191+00:00" endTime="2022-07-06T19:35:01.2777191+00:00" testType="13cdc9d9-ddb5-4fa4-a97d-d965ccfc6d4b" outcome="Passed" testListId="8c84fa94-04c1-424b-9868-57a2d4851a1d" relativeResultsDirectory="36d00604-35a4-4036-ba52-3172b6097154" />
    <UnitTestResult executionId="f519b212-3e7a-4ff6-aff5-21a0f59d0946" testId="263c08b1-704a-f3c2-309e-6dee831dbdc9" testName="UnitTests.Services.ItemServiceTests.UpdateItem_NullDto_Throws" computerName="fv-az270-743" duration="00:00:00.0110000" startTime="2022-07-06T19:35:01.7267171+00:00" endTime="2022-07-06T19:35:01.7267171+00:00" testType="13cdc9d9-ddb5-4fa4-a97d-d965ccfc6d4b" outcome="Passed" testListId="8c84fa94-04c1-424b-9868-57a2d4851a1d" relativeResultsDirectory="f519b212-3e7a-4ff6-aff5-21a0f59d0946" />
    <UnitTestResult executionId="e900ffea-59d7-40b9-9d26-5b557918e4b6" testId="315adde5-f36d-a74f-aa46-fb22a0f78cd9" testName="UnitTests.Controllers.ItemControllerTests.UpdateItem_Updates" computerName="fv-az270-743" duration="00:00:00.0350000" startTime="2022-07-06T19:35:01.6097194+00:00" endTime="2022-07-06T19:35:01.6097194+00:00" testType="13cdc9d9-ddb5-4fa4-a97d-d965ccfc6d4b" outcome="Passed" testListId="8c84fa94-04c1-424b-9868-57a2d4851a1d" relativeResultsDirectory="e900ffea-59d7-40b9-9d26-5b557918e4b6" />
    <UnitTestResult executionId="9c201c75-f4e2-4518-af70-a60b39baafa5" testId="3cbfa5d3-e0f6-eff8-ed5c-556fa1f3e131" testName="UnitTests.Services.ItemServiceTests.UpdateItem_NoName_Throws(name: &quot;&quot;)" computerName="fv-az270-743" duration="00:00:00.0010000" startTime="2022-07-06T19:35:01.7327198+00:00" endTime="2022-07-06T19:35:01.7327198+00:00" testType="13cdc9d9-ddb5-4fa4-a97d-d965ccfc6d4b" outcome="Passed" testListId="8c84fa94-04c1-424b-9868-57a2d4851a1d" relativeResultsDirectory="9c201c75-f4e2-4518-af70-a60b39baafa5" />
    <UnitTestResult executionId="7811274d-1ae9-418e-b908-35192809b8cc" testId="588a2c1b-7788-beb2-ade0-06788d455d25" testName="UnitTests.Controllers.ItemControllerTests.CreateItem_Creates" computerName="fv-az270-743" duration="00:00:00.0410000" startTime="2022-07-06T19:35:01.5507176+00:00" endTime="2022-07-06T19:35:01.5507176+00:00" testType="13cdc9d9-ddb5-4fa4-a97d-d965ccfc6d4b" outcome="Passed" testListId="8c84fa94-04c1-424b-9868-57a2d4851a1d" relativeResultsDirectory="7811274d-1ae9-418e-b908-35192809b8cc" />
    <UnitTestResult executionId="f31b3401-3c74-4be0-b394-3ff48dec599b" testId="d15ea2a7-9f9f-b92b-50fa-470898da705d" testName="UnitTests.Data.Repositories.GenericRepositoryTests.GenericRepositoryGetsAll(iterations: 3)" computerName="fv-az270-743" duration="00:00:00.0080000" startTime="2022-07-06T19:35:04.0689029+00:00" endTime="2022-07-06T19:35:04.0689029+00:00" testType="13cdc9d9-ddb5-4fa4-a97d-d965ccfc6d4b" outcome="Passed" testListId="8c84fa94-04c1-424b-9868-57a2d4851a1d" relativeResultsDirectory="f31b3401-3c74-4be0-b394-3ff48dec599b" />
    <UnitTestResult executionId="df644529-db87-46ff-a022-13ae375dccda" testId="99806ad3-88f0-7495-8b3e-3799a4bbb6aa" testName="UnitTests.Services.ItemServiceTests.GetItemsPage_GetsPages(descending: False)" computerName="fv-az270-743" duration="00:00:00.0060000" startTime="2022-07-06T19:35:01.7347191+00:00" endTime="2022-07-06T19:35:01.7347191+00:00" testType="13cdc9d9-ddb5-4fa4-a97d-d965ccfc6d4b" outcome="Passed" testListId="8c84fa94-04c1-424b-9868-57a2d4851a1d" relativeResultsDirectory="df644529-db87-46ff-a022-13ae375dccda" />
    <UnitTestResult executionId="7f7a0a27-ed39-4432-a646-99e7cfaa04b6" testId="4fe0dd0f-2fa0-9c42-e816-a6df28150b72" testName="UnitTests.Data.Repositories.GenericRepositoryTests.GenericRepositoryGetsAll(iterations: 0)" computerName="fv-az270-743" duration="00:00:00.0060000" startTime="2022-07-06T19:35:04.0609029+00:00" endTime="2022-07-06T19:35:04.0609029+00:00" testType="13cdc9d9-ddb5-4fa4-a97d-d965ccfc6d4b" outcome="Passed" testListId="8c84fa94-04c1-424b-9868-57a2d4851a1d" relativeResultsDirectory="7f7a0a27-ed39-4432-a646-99e7cfaa04b6" />
    <UnitTestResult executionId="fd0fafa1-120e-4c1c-987a-fdf5f91c7dd5" testId="ffe5c770-9b99-42c0-ce21-7e50cccf4385" testName="UnitTests.Data.Repositories.GenericRepositoryTests.GenericRepositoryGetsAll(iterations: 2)" computerName="fv-az270-743" duration="00:00:00.0090000" startTime="2022-07-06T19:35:04.0549032+00:00" endTime="2022-07-06T19:35:04.0549032+00:00" testType="13cdc9d9-ddb5-4fa4-a97d-d965ccfc6d4b" outcome="Passed" testListId="8c84fa94-04c1-424b-9868-57a2d4851a1d" relativeResultsDirectory="fd0fafa1-120e-4c1c-987a-fdf5f91c7dd5" />
    <UnitTestResult executionId="a2114f0c-da99-48c9-935b-06da98cf03ac" testId="0ebf358f-9eac-9438-b418-9c6aa81a6377" testName="UnitTests.Data.Repositories.GenericRepositoryTests.Repository_Update_UsesuserId" computerName="fv-az270-743" duration="00:00:00.0210000" startTime="2022-07-06T19:35:04.0123711+00:00" endTime="2022-07-06T19:35:04.0123711+00:00" testType="13cdc9d9-ddb5-4fa4-a97d-d965ccfc6d4b" outcome="Passed" testListId="8c84fa94-04c1-424b-9868-57a2d4851a1d" relativeResultsDirectory="a2114f0c-da99-48c9-935b-06da98cf03ac" />
    <UnitTestResult executionId="ffa316aa-7089-4f3b-bec6-a4a7175220c5" testId="168fc980-36e3-101b-62b1-f5ab71e9fc0d" testName="UnitTests.Controllers.LocalizationControllerTests.GetLocalization_CallsLocalizationService" computerName="fv-az270-743" duration="00:00:00.0110000" startTime="2022-07-06T19:35:01.7247173+00:00" endTime="2022-07-06T19:35:01.7247173+00:00" testType="13cdc9d9-ddb5-4fa4-a97d-d965ccfc6d4b" outcome="Passed" testListId="8c84fa94-04c1-424b-9868-57a2d4851a1d" relativeResultsDirectory="ffa316aa-7089-4f3b-bec6-a4a7175220c5" />
    <UnitTestResult executionId="3e44bb98-1271-4bfd-879c-9915f34cd670" testId="c5867bfe-f023-3ae4-485c-eae070f2ace9" testName="UnitTests.Data.Repositories.GenericRepositoryTests.GetPage_Pages(page: 1, pageSize: 10, expectedItems: 10, expectedPages: 5)" computerName="fv-az270-743" duration="00:00:00.0330000" startTime="2022-07-06T19:35:04.2409045+00:00" endTime="2022-07-06T19:35:04.2409045+00:00" testType="13cdc9d9-ddb5-4fa4-a97d-d965ccfc6d4b" outcome="Passed" testListId="8c84fa94-04c1-424b-9868-57a2d4851a1d" relativeResultsDirectory="3e44bb98-1271-4bfd-879c-9915f34cd670" />
    <UnitTestResult executionId="42f2eeb7-cd79-48ff-b036-a366501c4767" testId="d16880d7-fb44-f209-43d9-ba2e0e1875de" testName="UnitTests.Data.Repositories.GenericRepositoryTests.GenericRepositoryGetsAll(iterations: 1)" computerName="fv-az270-743" duration="00:00:00.0220000" startTime="2022-07-06T19:35:04.0909041+00:00" endTime="2022-07-06T19:35:04.0909041+00:00" testType="13cdc9d9-ddb5-4fa4-a97d-d965ccfc6d4b" outcome="Passed" testListId="8c84fa94-04c1-424b-9868-57a2d4851a1d" relativeResultsDirectory="42f2eeb7-cd79-48ff-b036-a366501c4767" />
    <UnitTestResult executionId="e33ec200-ed57-41b5-b891-6a996dd532e4" testId="d1c63cb7-1f9a-a8bf-a217-a4cbb4e5f73b" testName="UnitTests.Common.GlobalsTests.ModulePrefixIsValid" computerName="fv-az270-743" duration="00:00:00.0130000" startTime="2022-07-06T19:35:01.1167193+00:00" endTime="2022-07-06T19:35:01.1167193+00:00" testType="13cdc9d9-ddb5-4fa4-a97d-d965ccfc6d4b" outcome="Passed" testListId="8c84fa94-04c1-424b-9868-57a2d4851a1d" relativeResultsDirectory="e33ec200-ed57-41b5-b891-6a996dd532e4" />
    <UnitTestResult executionId="fe9ff891-f776-4faa-81aa-ca5d6c3f7774" testId="572fc310-4b67-9555-f147-153d39f2eb82" testName="UnitTests.Data.Entities.ItemTests.ItemConstructsProperly" computerName="fv-az270-743" duration="00:00:00.0010000" startTime="2022-07-06T19:35:01.7237172+00:00" endTime="2022-07-06T19:35:01.7237172+00:00" testType="13cdc9d9-ddb5-4fa4-a97d-d965ccfc6d4b" outcome="Passed" testListId="8c84fa94-04c1-424b-9868-57a2d4851a1d" relativeResultsDirectory="fe9ff891-f776-4faa-81aa-ca5d6c3f7774" />
    <UnitTestResult executionId="25ba1851-9178-492f-a7fd-7af6e42ef56f" testId="5f92ec4d-d570-0452-b891-d4cee75db9dd" testName="UnitTests.Controllers.ModuleApiControllerTests.CanEdit_Set_Throws" computerName="fv-az270-743" duration="00:00:00.0020000" startTime="2022-07-06T19:35:01.6137171+00:00" endTime="2022-07-06T19:35:01.6137171+00:00" testType="13cdc9d9-ddb5-4fa4-a97d-d965ccfc6d4b" outcome="Passed" testListId="8c84fa94-04c1-424b-9868-57a2d4851a1d" relativeResultsDirectory="25ba1851-9178-492f-a7fd-7af6e42ef56f" />
    <UnitTestResult executionId="421f0400-28d0-4b53-82e3-b6412256943a" testId="f754f777-4449-23e8-f4ec-917f49117de2" testName="UnitTests.Data.Repositories.GenericRepositoryTests.Repository_DeleteMissing_DoesNotThrow" computerName="fv-az270-743" duration="00:00:00.0080000" startTime="2022-07-06T19:35:04.0999056+00:00" endTime="2022-07-06T19:35:04.0999056+00:00" testType="13cdc9d9-ddb5-4fa4-a97d-d965ccfc6d4b" outcome="Passed" testListId="8c84fa94-04c1-424b-9868-57a2d4851a1d" relativeResultsDirectory="421f0400-28d0-4b53-82e3-b6412256943a" />
    <UnitTestResult executionId="26cb0f2a-783b-48ca-8848-cd408fc3139a" testId="392ed628-2028-c945-b97e-893658a1e82b" testName="UnitTests.Data.Entities.ItemTests.ItemPropertiesPersist(id: 1, name: &quot;Name1&quot;, description: &quot;Description1&quot;)" computerName="fv-az270-743" duration="00:00:00.0010000" startTime="2022-07-06T19:35:01.7207181+00:00" endTime="2022-07-06T19:35:01.7207181+00:00" testType="13cdc9d9-ddb5-4fa4-a97d-d965ccfc6d4b" outcome="Passed" testListId="8c84fa94-04c1-424b-9868-57a2d4851a1d" relativeResultsDirectory="26cb0f2a-783b-48ca-8848-cd408fc3139a" />
    <UnitTestResult executionId="f7073425-b4fb-475b-b6b2-5bf88b053881" testId="ad3412e8-5f64-2020-a5b6-bd4cca8c3b7d" testName="UnitTests.Data.Repositories.GenericRepositoryTests.GenericRepositoryGet" computerName="fv-az270-743" duration="00:00:00.0990000" startTime="2022-07-06T19:35:03.9903734+00:00" endTime="2022-07-06T19:35:03.9903734+00:00" testType="13cdc9d9-ddb5-4fa4-a97d-d965ccfc6d4b" outcome="Passed" testListId="8c84fa94-04c1-424b-9868-57a2d4851a1d" relativeResultsDirectory="f7073425-b4fb-475b-b6b2-5bf88b053881" />
  </Results>
  <TestDefinitions>
    <UnitTest name="UnitTests.Controllers.ItemControllerTests.DeleteItem_Deletes(itemId: 1)" storage="d:\a\mymodule20220704\mymodule20220704\unittests\bin\unittests.dll" id="478b61ee-7d85-9dbe-985d-08c590f8666a">
      <Execution id="d465cbbc-0a37-4904-9681-dda2bd6f8bac" />
      <TestMethod codeBase="D:\a\MyModule20220704\MyModule20220704\UnitTests\bin\UnitTests.dll" adapterTypeName="executor://xunit/VsTestRunner2/net" className="UnitTests.Controllers.ItemControllerTests" name="DeleteItem_Deletes" />
    </UnitTest>
    <UnitTest name="UnitTests.Common.Extensions.IQueryableExtensionsTests.Order_OrdersBothWays(descending: True, expected: [3, 2, 1])" storage="d:\a\mymodule20220704\mymodule20220704\unittests\bin\unittests.dll" id="b6579d24-7c4e-c42d-2ead-85e0f30e0a64">
      <Execution id="94785b9e-4df2-4fb4-9d79-a54e741c88c0" />
      <TestMethod codeBase="D:\a\MyModule20220704\MyModule20220704\UnitTests\bin\UnitTests.dll" adapterTypeName="executor://xunit/VsTestRunner2/net" className="UnitTests.Common.Extensions.IQueryableExtensionsTests" name="Order_OrdersBothWays" />
    </UnitTest>
    <UnitTest name="UnitTests.Controllers.ItemControllerTests.UserCanEdit_ReturnsBool(canEdit: False)" storage="d:\a\mymodule20220704\mymodule20220704\unittests\bin\unittests.dll" id="0247c7e7-7d1c-099b-2ac8-81a47ff2509a">
      <Execution id="587c78ea-00eb-4c53-bd09-c69285435686" />
      <TestMethod codeBase="D:\a\MyModule20220704\MyModule20220704\UnitTests\bin\UnitTests.dll" adapterTypeName="executor://xunit/VsTestRunner2/net" className="UnitTests.Controllers.ItemControllerTests" name="UserCanEdit_ReturnsBool" />
    </UnitTest>
    <UnitTest name="UnitTests.Controllers.LocalizationControllerTests.GetLocalization_CallsLocalizationService" storage="d:\a\mymodule20220704\mymodule20220704\unittests\bin\unittests.dll" id="168fc980-36e3-101b-62b1-f5ab71e9fc0d">
      <Execution id="ffa316aa-7089-4f3b-bec6-a4a7175220c5" />
      <TestMethod codeBase="D:\a\MyModule20220704\MyModule20220704\UnitTests\bin\UnitTests.dll" adapterTypeName="executor://xunit/VsTestRunner2/net" className="UnitTests.Controllers.LocalizationControllerTests" name="GetLocalization_CallsLocalizationService" />
    </UnitTest>
    <UnitTest name="UnitTests.Data.ModuleDbContextTests.DefaultConstructorThrows" storage="d:\a\mymodule20220704\mymodule20220704\unittests\bin\unittests.dll" id="ac2a99ba-3563-74a9-7d4c-8e91a58cd097">
      <Execution id="20fee82d-3cf9-4638-878e-df1dd1923ba6" />
      <TestMethod codeBase="D:\a\MyModule20220704\MyModule20220704\UnitTests\bin\UnitTests.dll" adapterTypeName="executor://xunit/VsTestRunner2/net" className="UnitTests.Data.ModuleDbContextTests" name="DefaultConstructorThrows" />
    </UnitTest>
    <UnitTest name="UnitTests.Controllers.ModuleApiControllerTests.CanEdit_DefaultsToFalse" storage="d:\a\mymodule20220704\mymodule20220704\unittests\bin\unittests.dll" id="320e3c11-11d1-b3ef-0d2e-5e474f674ff1">
      <Execution id="b2048a8f-84ea-446a-b0aa-84e49dc81899" />
      <TestMethod codeBase="D:\a\MyModule20220704\MyModule20220704\UnitTests\bin\UnitTests.dll" adapterTypeName="executor://xunit/VsTestRunner2/net" className="UnitTests.Controllers.ModuleApiControllerTests" name="CanEdit_DefaultsToFalse" />
    </UnitTest>
    <UnitTest name="UnitTests.Data.Repositories.GenericRepositoryTests.GenericRepositoryCreatesAndGetsById" storage="d:\a\mymodule20220704\mymodule20220704\unittests\bin\unittests.dll" id="e6e0a140-85e7-6935-6160-ab95ecfd3c8a">
      <Execution id="4cbc1987-5102-4498-a291-b8b312334df6" />
      <TestMethod codeBase="D:\a\MyModule20220704\MyModule20220704\UnitTests\bin\UnitTests.dll" adapterTypeName="executor://xunit/VsTestRunner2/net" className="UnitTests.Data.Repositories.GenericRepositoryTests" name="GenericRepositoryCreatesAndGetsById" />
    </UnitTest>
    <UnitTest name="UnitTests.Services.ItemServiceTests.UpdateItem_NoName_Throws(name: &quot; &quot;)" storage="d:\a\mymodule20220704\mymodule20220704\unittests\bin\unittests.dll" id="1c164fbc-1ab1-9884-ccb8-9e84f4c977d0">
      <Execution id="89a9f533-8a4a-46a2-b25b-8e34275e41b6" />
      <TestMethod codeBase="D:\a\MyModule20220704\MyModule20220704\UnitTests\bin\UnitTests.dll" adapterTypeName="executor://xunit/VsTestRunner2/net" className="UnitTests.Services.ItemServiceTests" name="UpdateItem_NoName_Throws" />
    </UnitTest>
    <UnitTest name="UnitTests.Services.ItemServiceTests.GetItemsPage_GetsPages(descending: False)" storage="d:\a\mymodule20220704\mymodule20220704\unittests\bin\unittests.dll" id="99806ad3-88f0-7495-8b3e-3799a4bbb6aa">
      <Execution id="df644529-db87-46ff-a022-13ae375dccda" />
      <TestMethod codeBase="D:\a\MyModule20220704\MyModule20220704\UnitTests\bin\UnitTests.dll" adapterTypeName="executor://xunit/VsTestRunner2/net" className="UnitTests.Services.ItemServiceTests" name="GetItemsPage_GetsPages" />
    </UnitTest>
    <UnitTest name="UnitTests.Data.Repositories.GenericRepositoryTests.Repository_Update_UsesuserId" storage="d:\a\mymodule20220704\mymodule20220704\unittests\bin\unittests.dll" id="0ebf358f-9eac-9438-b418-9c6aa81a6377">
      <Execution id="a2114f0c-da99-48c9-935b-06da98cf03ac" />
      <TestMethod codeBase="D:\a\MyModule20220704\MyModule20220704\UnitTests\bin\UnitTests.dll" adapterTypeName="executor://xunit/VsTestRunner2/net" className="UnitTests.Data.Repositories.GenericRepositoryTests" name="Repository_Update_UsesuserId" />
    </UnitTest>
    <UnitTest name="UnitTests.Services.ItemServiceTests.CreateItem_Creates" storage="d:\a\mymodule20220704\mymodule20220704\unittests\bin\unittests.dll" id="a9198ad3-782e-a37c-0b5f-1330f5318f55">
      <Execution id="349990e6-32cb-4389-b54e-eada2dd30d96" />
      <TestMethod codeBase="D:\a\MyModule20220704\MyModule20220704\UnitTests\bin\UnitTests.dll" adapterTypeName="executor://xunit/VsTestRunner2/net" className="UnitTests.Services.ItemServiceTests" name="CreateItem_Creates" />
    </UnitTest>
    <UnitTest name="UnitTests.Controllers.ValidateModelAttributeTests.OnActionExecuting_Invalid_Works" storage="d:\a\mymodule20220704\mymodule20220704\unittests\bin\unittests.dll" id="61a8ccc9-c5b1-047b-3c97-f777ccc7d30b">
      <Execution id="9970ae34-7872-42d5-ae2b-c38f4e998812" />
      <TestMethod codeBase="D:\a\MyModule20220704\MyModule20220704\UnitTests\bin\UnitTests.dll" adapterTypeName="executor://xunit/VsTestRunner2/net" className="UnitTests.Controllers.ValidateModelAttributeTests" name="OnActionExecuting_Invalid_Works" />
    </UnitTest>
    <UnitTest name="UnitTests.Data.Repositories.GenericRepositoryTests.GenericRepositoryGet" storage="d:\a\mymodule20220704\mymodule20220704\unittests\bin\unittests.dll" id="ad3412e8-5f64-2020-a5b6-bd4cca8c3b7d">
      <Execution id="f7073425-b4fb-475b-b6b2-5bf88b053881" />
      <TestMethod codeBase="D:\a\MyModule20220704\MyModule20220704\UnitTests\bin\UnitTests.dll" adapterTypeName="executor://xunit/VsTestRunner2/net" className="UnitTests.Data.Repositories.GenericRepositoryTests" name="GenericRepositoryGet" />
    </UnitTest>
    <UnitTest name="UnitTests.Data.Repositories.GenericRepositoryTests.GenericRepositoryUpdate_ThrowsWithNullEntity" storage="d:\a\mymodule20220704\mymodule20220704\unittests\bin\unittests.dll" id="24cfa8b0-48c3-8aab-e4c2-88694c220e2c">
      <Execution id="438c8f00-e149-4bab-a02f-650663e56de9" />
      <TestMethod codeBase="D:\a\MyModule20220704\MyModule20220704\UnitTests\bin\UnitTests.dll" adapterTypeName="executor://xunit/VsTestRunner2/net" className="UnitTests.Data.Repositories.GenericRepositoryTests" name="GenericRepositoryUpdate_ThrowsWithNullEntity" />
    </UnitTest>
    <UnitTest name="UnitTests.Data.Repositories.GenericRepositoryTests.Pages_With_Related_Entities" storage="d:\a\mymodule20220704\mymodule20220704\unittests\bin\unittests.dll" id="d6cab32e-cf28-1ba8-73a6-76c46cb62c4a">
      <Execution id="fe855d92-b6c4-4ad5-9b15-e97f18f2116e" />
      <TestMethod codeBase="D:\a\MyModule20220704\MyModule20220704\UnitTests\bin\UnitTests.dll" adapterTypeName="executor://xunit/VsTestRunner2/net" className="UnitTests.Data.Repositories.GenericRepositoryTests" name="Pages_With_Related_Entities" />
    </UnitTest>
    <UnitTest name="UnitTests.Services.LoggingServiceTests.LogginService_TestableConstructorLogsError" storage="d:\a\mymodule20220704\mymodule20220704\unittests\bin\unittests.dll" id="ac1c50bc-98fd-036f-fe0f-d46cb187f90e">
      <Execution id="ab50a406-ec84-4d0b-875a-f3ef10f99b44" />
      <TestMethod codeBase="D:\a\MyModule20220704\MyModule20220704\UnitTests\bin\UnitTests.dll" adapterTypeName="executor://xunit/VsTestRunner2/net" className="UnitTests.Services.LoggingServiceTests" name="LogginService_TestableConstructorLogsError" />
    </UnitTest>
    <UnitTest name="UnitTests.Data.Repositories.GenericRepositoryTests.GenericRepositoryGetsAll(iterations: 3)" storage="d:\a\mymodule20220704\mymodule20220704\unittests\bin\unittests.dll" id="d15ea2a7-9f9f-b92b-50fa-470898da705d">
      <Execution id="f31b3401-3c74-4be0-b394-3ff48dec599b" />
      <TestMethod codeBase="D:\a\MyModule20220704\MyModule20220704\UnitTests\bin\UnitTests.dll" adapterTypeName="executor://xunit/VsTestRunner2/net" className="UnitTests.Data.Repositories.GenericRepositoryTests" name="GenericRepositoryGetsAll" />
    </UnitTest>
    <UnitTest name="UnitTests.Common.GlobalsTests.ModulePrefixIsValid" storage="d:\a\mymodule20220704\mymodule20220704\unittests\bin\unittests.dll" id="d1c63cb7-1f9a-a8bf-a217-a4cbb4e5f73b">
      <Execution id="e33ec200-ed57-41b5-b891-6a996dd532e4" />
      <TestMethod codeBase="D:\a\MyModule20220704\MyModule20220704\UnitTests\bin\UnitTests.dll" adapterTypeName="executor://xunit/VsTestRunner2/net" className="UnitTests.Common.GlobalsTests" name="ModulePrefixIsValid" />
    </UnitTest>
    <UnitTest name="UnitTests.Data.Entities.ItemTests.ItemPropertiesPersist(id: 2, name: &quot;Name2&quot;, description: &quot;Description2&quot;)" storage="d:\a\mymodule20220704\mymodule20220704\unittests\bin\unittests.dll" id="96a18501-dea4-70b1-d572-baa1bb120da2">
      <Execution id="7edae4d7-416b-4522-92e8-948eb5103831" />
      <TestMethod codeBase="D:\a\MyModule20220704\MyModule20220704\UnitTests\bin\UnitTests.dll" adapterTypeName="executor://xunit/VsTestRunner2/net" className="UnitTests.Data.Entities.ItemTests" name="ItemPropertiesPersist" />
    </UnitTest>
    <UnitTest name="UnitTests.Controllers.ServiceRouteMapperTests.RegisterRoutes_RegistersAtLestOneRoute" storage="d:\a\mymodule20220704\mymodule20220704\unittests\bin\unittests.dll" id="986d7e6e-d04d-b204-b01c-fbb8f09c7774">
      <Execution id="e2d4b1c6-4965-4a99-8c9e-4509551633dc" />
      <TestMethod codeBase="D:\a\MyModule20220704\MyModule20220704\UnitTests\bin\UnitTests.dll" adapterTypeName="executor://xunit/VsTestRunner2/net" className="UnitTests.Controllers.ServiceRouteMapperTests" name="RegisterRoutes_RegistersAtLestOneRoute" />
    </UnitTest>
    <UnitTest name="UnitTests.Controllers.ModuleExceptionFilterAttributeTests.SystemException_DoesNotExposeDetails" storage="d:\a\mymodule20220704\mymodule20220704\unittests\bin\unittests.dll" id="1a74e347-4470-5271-97ab-1ebaf8693270">
      <Execution id="a36dce8a-f2db-4b47-937a-e05f96982235" />
      <TestMethod codeBase="D:\a\MyModule20220704\MyModule20220704\UnitTests\bin\UnitTests.dll" adapterTypeName="executor://xunit/VsTestRunner2/net" className="UnitTests.Controllers.ModuleExceptionFilterAttributeTests" name="SystemException_DoesNotExposeDetails" />
    </UnitTest>
    <UnitTest name="UnitTests.Data.Repositories.GenericRepositoryTests.GenericRepositoryConstructs" storage="d:\a\mymodule20220704\mymodule20220704\unittests\bin\unittests.dll" id="e4f8faa7-d0ad-86e6-1579-7bd52372b4c3">
      <Execution id="b73e344f-df06-4d9b-aade-f49410b6b1eb" />
      <TestMethod codeBase="D:\a\MyModule20220704\MyModule20220704\UnitTests\bin\UnitTests.dll" adapterTypeName="executor://xunit/VsTestRunner2/net" className="UnitTests.Data.Repositories.GenericRepositoryTests" name="GenericRepositoryConstructs" />
    </UnitTest>
    <UnitTest name="UnitTests.Data.Repositories.GenericRepositoryTests.Repository_DeleteMissing_DoesNotThrow" storage="d:\a\mymodule20220704\mymodule20220704\unittests\bin\unittests.dll" id="f754f777-4449-23e8-f4ec-917f49117de2">
      <Execution id="421f0400-28d0-4b53-82e3-b6412256943a" />
      <TestMethod codeBase="D:\a\MyModule20220704\MyModule20220704\UnitTests\bin\UnitTests.dll" adapterTypeName="executor://xunit/VsTestRunner2/net" className="UnitTests.Data.Repositories.GenericRepositoryTests" name="Repository_DeleteMissing_DoesNotThrow" />
    </UnitTest>
    <UnitTest name="UnitTests.Services.ItemServiceTests.UpdateItem_NoName_Throws(name: null)" storage="d:\a\mymodule20220704\mymodule20220704\unittests\bin\unittests.dll" id="b76e01b1-6afe-f33b-c6a9-ea3347176509">
      <Execution id="b52c23f3-d1bc-44c5-b641-e6a6731bc3f2" />
      <TestMethod codeBase="D:\a\MyModule20220704\MyModule20220704\UnitTests\bin\UnitTests.dll" adapterTypeName="executor://xunit/VsTestRunner2/net" className="UnitTests.Services.ItemServiceTests" name="UpdateItem_NoName_Throws" />
    </UnitTest>
    <UnitTest name="UnitTests.Services.ItemServiceTests.CreateItem_NoNameThrows" storage="d:\a\mymodule20220704\mymodule20220704\unittests\bin\unittests.dll" id="19b6234c-c2df-2304-54f9-54b0da4cd6ba">
      <Execution id="b6b8e51f-81ae-4713-90b4-d5eb81b02f37" />
      <TestMethod codeBase="D:\a\MyModule20220704\MyModule20220704\UnitTests\bin\UnitTests.dll" adapterTypeName="executor://xunit/VsTestRunner2/net" className="UnitTests.Services.ItemServiceTests" name="CreateItem_NoNameThrows" />
    </UnitTest>
    <UnitTest name="UnitTests.Services.ItemServiceTests.DeleteItem_Deletes" storage="d:\a\mymodule20220704\mymodule20220704\unittests\bin\unittests.dll" id="e6610648-e456-1c64-d2b1-7e1242b871a8">
      <Execution id="055be22d-3a25-4f14-9549-2f58200db231" />
      <TestMethod codeBase="D:\a\MyModule20220704\MyModule20220704\UnitTests\bin\UnitTests.dll" adapterTypeName="executor://xunit/VsTestRunner2/net" className="UnitTests.Services.ItemServiceTests" name="DeleteItem_Deletes" />
    </UnitTest>
    <UnitTest name="UnitTests.Data.Entities.ItemTests.ItemConstructsProperly" storage="d:\a\mymodule20220704\mymodule20220704\unittests\bin\unittests.dll" id="572fc310-4b67-9555-f147-153d39f2eb82">
      <Execution id="fe9ff891-f776-4faa-81aa-ca5d6c3f7774" />
      <TestMethod codeBase="D:\a\MyModule20220704\MyModule20220704\UnitTests\bin\UnitTests.dll" adapterTypeName="executor://xunit/VsTestRunner2/net" className="UnitTests.Data.Entities.ItemTests" name="ItemConstructsProperly" />
    </UnitTest>
    <UnitTest name="UnitTests.Services.ItemServiceTests.UpdateItem_NoName_Throws(name: &quot;&quot;)" storage="d:\a\mymodule20220704\mymodule20220704\unittests\bin\unittests.dll" id="3cbfa5d3-e0f6-eff8-ed5c-556fa1f3e131">
      <Execution id="9c201c75-f4e2-4518-af70-a60b39baafa5" />
      <TestMethod codeBase="D:\a\MyModule20220704\MyModule20220704\UnitTests\bin\UnitTests.dll" adapterTypeName="executor://xunit/VsTestRunner2/net" className="UnitTests.Services.ItemServiceTests" name="UpdateItem_NoName_Throws" />
    </UnitTest>
    <UnitTest name="UnitTests.Services.LoggingServiceTests.LogginService_TestableConstructorLogsErrorWithException" storage="d:\a\mymodule20220704\mymodule20220704\unittests\bin\unittests.dll" id="9168bdef-a759-f4d6-b890-b643e17324cf">
      <Execution id="bb82bc70-0430-4f99-b9ae-0e3144b1726a" />
      <TestMethod codeBase="D:\a\MyModule20220704\MyModule20220704\UnitTests\bin\UnitTests.dll" adapterTypeName="executor://xunit/VsTestRunner2/net" className="UnitTests.Services.LoggingServiceTests" name="LogginService_TestableConstructorLogsErrorWithException" />
    </UnitTest>
    <UnitTest name="UnitTests.Controllers.ItemControllerTests.UserCanEdit_ReturnsBool(canEdit: True)" storage="d:\a\mymodule20220704\mymodule20220704\unittests\bin\unittests.dll" id="aec60494-3c2e-8ec9-f948-da5bb2043983">
      <Execution id="ed3b63b7-da1c-40b9-910d-b316ecc65554" />
      <TestMethod codeBase="D:\a\MyModule20220704\MyModule20220704\UnitTests\bin\UnitTests.dll" adapterTypeName="executor://xunit/VsTestRunner2/net" className="UnitTests.Controllers.ItemControllerTests" name="UserCanEdit_ReturnsBool" />
    </UnitTest>
    <UnitTest name="UnitTests.Controllers.ModuleApiControllerTests.HasUserInfo" storage="d:\a\mymodule20220704\mymodule20220704\unittests\bin\unittests.dll" id="bae3532a-4a9e-c4ab-fc66-4dfa22d16170">
      <Execution id="1125b54e-3a75-4782-b6e9-5a17f01ea658" />
      <TestMethod codeBase="D:\a\MyModule20220704\MyModule20220704\UnitTests\bin\UnitTests.dll" adapterTypeName="executor://xunit/VsTestRunner2/net" className="UnitTests.Controllers.ModuleApiControllerTests" name="HasUserInfo" />
    </UnitTest>
    <UnitTest name="UnitTests.Services.ItemServiceTests.UpdateItem_NoName_Throws(name: &quot;  &quot;)" storage="d:\a\mymodule20220704\mymodule20220704\unittests\bin\unittests.dll" id="92b7b9f6-1294-7ea1-ffa3-91fba85074d4">
      <Execution id="0127c569-02ad-4656-ae72-8226406516fa" />
      <TestMethod codeBase="D:\a\MyModule20220704\MyModule20220704\UnitTests\bin\UnitTests.dll" adapterTypeName="executor://xunit/VsTestRunner2/net" className="UnitTests.Services.ItemServiceTests" name="UpdateItem_NoName_Throws" />
    </UnitTest>
    <UnitTest name="UnitTests.Data.Repositories.GenericRepositoryTests.Repository_Create_DefaultAudit" storage="d:\a\mymodule20220704\mymodule20220704\unittests\bin\unittests.dll" id="ae39aa62-5ff2-56e7-d00e-ef116d711d51">
      <Execution id="969fbc10-f305-4cb2-ba02-43d7328493ce" />
      <TestMethod codeBase="D:\a\MyModule20220704\MyModule20220704\UnitTests\bin\UnitTests.dll" adapterTypeName="executor://xunit/VsTestRunner2/net" className="UnitTests.Data.Repositories.GenericRepositoryTests" name="Repository_Create_DefaultAudit" />
    </UnitTest>
    <UnitTest name="UnitTests.Controllers.ValidateModelAttributeTests.OnActionExecuting_Valid_Works" storage="d:\a\mymodule20220704\mymodule20220704\unittests\bin\unittests.dll" id="e55f1742-c16d-5086-2251-ad3372dd48f5">
      <Execution id="82f56505-9ea0-454b-86ea-c0b825a20136" />
      <TestMethod codeBase="D:\a\MyModule20220704\MyModule20220704\UnitTests\bin\UnitTests.dll" adapterTypeName="executor://xunit/VsTestRunner2/net" className="UnitTests.Controllers.ValidateModelAttributeTests" name="OnActionExecuting_Valid_Works" />
    </UnitTest>
    <UnitTest name="UnitTests.Data.Repositories.GenericRepositoryTests.GenericRepositoryGetsAll(iterations: 1)" storage="d:\a\mymodule20220704\mymodule20220704\unittests\bin\unittests.dll" id="d16880d7-fb44-f209-43d9-ba2e0e1875de">
      <Execution id="42f2eeb7-cd79-48ff-b036-a366501c4767" />
      <TestMethod codeBase="D:\a\MyModule20220704\MyModule20220704\UnitTests\bin\UnitTests.dll" adapterTypeName="executor://xunit/VsTestRunner2/net" className="UnitTests.Data.Repositories.GenericRepositoryTests" name="GenericRepositoryGetsAll" />
    </UnitTest>
    <UnitTest name="UnitTests.Services.ItemServiceTests.UpdateItem_NullDto_Throws" storage="d:\a\mymodule20220704\mymodule20220704\unittests\bin\unittests.dll" id="263c08b1-704a-f3c2-309e-6dee831dbdc9">
      <Execution id="f519b212-3e7a-4ff6-aff5-21a0f59d0946" />
      <TestMethod codeBase="D:\a\MyModule20220704\MyModule20220704\UnitTests\bin\UnitTests.dll" adapterTypeName="executor://xunit/VsTestRunner2/net" className="UnitTests.Services.ItemServiceTests" name="UpdateItem_NullDto_Throws" />
    </UnitTest>
    <UnitTest name="UnitTests.Services.LoggingServiceTests.LoggingService_DefaultConstructorExists" storage="d:\a\mymodule20220704\mymodule20220704\unittests\bin\unittests.dll" id="8ba31d1b-48e3-e04e-cff0-b927c63b4a19">
      <Execution id="b9ef168f-573e-4347-8069-12b913fd9057" />
      <TestMethod codeBase="D:\a\MyModule20220704\MyModule20220704\UnitTests\bin\UnitTests.dll" adapterTypeName="executor://xunit/VsTestRunner2/net" className="UnitTests.Services.LoggingServiceTests" name="LoggingService_DefaultConstructorExists" />
    </UnitTest>
    <UnitTest name="UnitTests.Data.Repositories.GenericRepositoryTests.GenericRepositoryCreate_ThrowsWithNullEntity" storage="d:\a\mymodule20220704\mymodule20220704\unittests\bin\unittests.dll" id="36689490-09d4-917f-648a-70dcfcfede10">
      <Execution id="068cd05a-350f-4614-99b7-65d3024a1a17" />
      <TestMethod codeBase="D:\a\MyModule20220704\MyModule20220704\UnitTests\bin\UnitTests.dll" adapterTypeName="executor://xunit/VsTestRunner2/net" className="UnitTests.Data.Repositories.GenericRepositoryTests" name="GenericRepositoryCreate_ThrowsWithNullEntity" />
    </UnitTest>
    <UnitTest name="UnitTests.Controllers.ItemControllerTests.CreateItem_Creates" storage="d:\a\mymodule20220704\mymodule20220704\unittests\bin\unittests.dll" id="588a2c1b-7788-beb2-ade0-06788d455d25">
      <Execution id="7811274d-1ae9-418e-b908-35192809b8cc" />
      <TestMethod codeBase="D:\a\MyModule20220704\MyModule20220704\UnitTests\bin\UnitTests.dll" adapterTypeName="executor://xunit/VsTestRunner2/net" className="UnitTests.Controllers.ItemControllerTests" name="CreateItem_Creates" />
    </UnitTest>
    <UnitTest name="UnitTests.Controllers.ModuleApiControllerTests.CanEdit_Set_Throws" storage="d:\a\mymodule20220704\mymodule20220704\unittests\bin\unittests.dll" id="5f92ec4d-d570-0452-b891-d4cee75db9dd">
      <Execution id="25ba1851-9178-492f-a7fd-7af6e42ef56f" />
      <TestMethod codeBase="D:\a\MyModule20220704\MyModule20220704\UnitTests\bin\UnitTests.dll" adapterTypeName="executor://xunit/VsTestRunner2/net" className="UnitTests.Controllers.ModuleApiControllerTests" name="CanEdit_Set_Throws" />
    </UnitTest>
    <UnitTest name="UnitTests.Data.Repositories.GenericRepositoryTests.Repository_Create_UsesUserId" storage="d:\a\mymodule20220704\mymodule20220704\unittests\bin\unittests.dll" id="e1c7f76f-6195-c844-23c0-304b47fbae66">
      <Execution id="bb468786-5d3a-4493-86fc-ad481832777c" />
      <TestMethod codeBase="D:\a\MyModule20220704\MyModule20220704\UnitTests\bin\UnitTests.dll" adapterTypeName="executor://xunit/VsTestRunner2/net" className="UnitTests.Data.Repositories.GenericRepositoryTests" name="Repository_Create_UsesUserId" />
    </UnitTest>
    <UnitTest name="UnitTests.Controllers.ItemControllerTests.UpdateItem_Updates" storage="d:\a\mymodule20220704\mymodule20220704\unittests\bin\unittests.dll" id="315adde5-f36d-a74f-aa46-fb22a0f78cd9">
      <Execution id="e900ffea-59d7-40b9-9d26-5b557918e4b6" />
      <TestMethod codeBase="D:\a\MyModule20220704\MyModule20220704\UnitTests\bin\UnitTests.dll" adapterTypeName="executor://xunit/VsTestRunner2/net" className="UnitTests.Controllers.ItemControllerTests" name="UpdateItem_Updates" />
    </UnitTest>
    <UnitTest name="UnitTests.Controllers.ModuleExceptionFilterAttributeTests.ArgumentException_BadRequest" storage="d:\a\mymodule20220704\mymodule20220704\unittests\bin\unittests.dll" id="a21637b0-54f8-4fa0-bc3b-95481a9fd90b">
      <Execution id="36d00604-35a4-4036-ba52-3172b6097154" />
      <TestMethod codeBase="D:\a\MyModule20220704\MyModule20220704\UnitTests\bin\UnitTests.dll" adapterTypeName="executor://xunit/VsTestRunner2/net" className="UnitTests.Controllers.ModuleExceptionFilterAttributeTests" name="ArgumentException_BadRequest" />
    </UnitTest>
    <UnitTest name="UnitTests.Data.Repositories.GenericRepositoryTests.GetPage_Pages(page: 3, pageSize: 20, expectedItems: 10, expectedPages: 3)" storage="d:\a\mymodule20220704\mymodule20220704\unittests\bin\unittests.dll" id="74c28fcf-aa9b-2bab-0ff6-cfa98a0ddf49">
      <Execution id="61c8d418-1514-4f5d-beea-f307e73ae4ee" />
      <TestMethod codeBase="D:\a\MyModule20220704\MyModule20220704\UnitTests\bin\UnitTests.dll" adapterTypeName="executor://xunit/VsTestRunner2/net" className="UnitTests.Data.Repositories.GenericRepositoryTests" name="GetPage_Pages" />
    </UnitTest>
    <UnitTest name="UnitTests.Controllers.ModuleExceptionFilterAttributeTests.NoException_DoesNothing" storage="d:\a\mymodule20220704\mymodule20220704\unittests\bin\unittests.dll" id="113f48ce-a6a3-c5df-7589-ba5a5fcb9c59">
      <Execution id="c746ad5b-4dd7-4f6a-b54d-acc29a2fe000" />
      <TestMethod codeBase="D:\a\MyModule20220704\MyModule20220704\UnitTests\bin\UnitTests.dll" adapterTypeName="executor://xunit/VsTestRunner2/net" className="UnitTests.Controllers.ModuleExceptionFilterAttributeTests" name="NoException_DoesNothing" />
    </UnitTest>
    <UnitTest name="UnitTests.Controllers.ItemControllerTests.GetItemsPage_GetsProperPages" storage="d:\a\mymodule20220704\mymodule20220704\unittests\bin\unittests.dll" id="1017c6c1-9dd0-57dc-36e7-bb573d02562e">
      <Execution id="049d5487-b106-4434-9d4d-c56fa65f3e34" />
      <TestMethod codeBase="D:\a\MyModule20220704\MyModule20220704\UnitTests\bin\UnitTests.dll" adapterTypeName="executor://xunit/VsTestRunner2/net" className="UnitTests.Controllers.ItemControllerTests" name="GetItemsPage_GetsProperPages" />
    </UnitTest>
    <UnitTest name="UnitTests.Data.Repositories.GenericRepositoryTests.GenericRepositoryDeletes" storage="d:\a\mymodule20220704\mymodule20220704\unittests\bin\unittests.dll" id="0bc54975-0bff-692e-a9b3-fc69f2c95a39">
      <Execution id="e3ba3219-b96c-4a1f-bc7b-cae2cdd02062" />
      <TestMethod codeBase="D:\a\MyModule20220704\MyModule20220704\UnitTests\bin\UnitTests.dll" adapterTypeName="executor://xunit/VsTestRunner2/net" className="UnitTests.Data.Repositories.GenericRepositoryTests" name="GenericRepositoryDeletes" />
    </UnitTest>
    <UnitTest name="UnitTests.Controllers.ItemControllerTests.DeleteItem_Deletes(itemId: 10)" storage="d:\a\mymodule20220704\mymodule20220704\unittests\bin\unittests.dll" id="d6094ca1-b65b-5133-f464-9f7d01f0d023">
      <Execution id="e85bab46-0410-4ede-add7-4111b2a1645b" />
      <TestMethod codeBase="D:\a\MyModule20220704\MyModule20220704\UnitTests\bin\UnitTests.dll" adapterTypeName="executor://xunit/VsTestRunner2/net" className="UnitTests.Controllers.ItemControllerTests" name="DeleteItem_Deletes" />
    </UnitTest>
    <UnitTest name="UnitTests.Data.Repositories.GenericRepositoryTests.GenericRepositoryUpdates" storage="d:\a\mymodule20220704\mymodule20220704\unittests\bin\unittests.dll" id="70ede014-c412-e387-bb98-e95b3b42090d">
      <Execution id="1fb916c9-b4ea-47e8-a1d8-bb3fd758f237" />
      <TestMethod codeBase="D:\a\MyModule20220704\MyModule20220704\UnitTests\bin\UnitTests.dll" adapterTypeName="executor://xunit/VsTestRunner2/net" className="UnitTests.Data.Repositories.GenericRepositoryTests" name="GenericRepositoryUpdates" />
    </UnitTest>
    <UnitTest name="UnitTests.Data.Repositories.GenericRepositoryTests.Repository_Update_DefaultAudit" storage="d:\a\mymodule20220704\mymodule20220704\unittests\bin\unittests.dll" id="44b00d3a-bad7-aefd-141c-4a35b11463b2">
      <Execution id="90486f49-317b-414a-8ef3-4e03e28e83c2" />
      <TestMethod codeBase="D:\a\MyModule20220704\MyModule20220704\UnitTests\bin\UnitTests.dll" adapterTypeName="executor://xunit/VsTestRunner2/net" className="UnitTests.Data.Repositories.GenericRepositoryTests" name="Repository_Update_DefaultAudit" />
    </UnitTest>
    <UnitTest name="UnitTests.Services.ItemServiceTests.UpdateItem_Updates" storage="d:\a\mymodule20220704\mymodule20220704\unittests\bin\unittests.dll" id="130d9133-361f-a0da-f15e-423eb98947ac">
      <Execution id="d22aa7f3-65bb-4eb1-b3cc-44269d305ea2" />
      <TestMethod codeBase="D:\a\MyModule20220704\MyModule20220704\UnitTests\bin\UnitTests.dll" adapterTypeName="executor://xunit/VsTestRunner2/net" className="UnitTests.Services.ItemServiceTests" name="UpdateItem_Updates" />
    </UnitTest>
    <UnitTest name="UnitTests.Data.Repositories.GenericRepositoryTests.GenericRepositoryGetsAll(iterations: 2)" storage="d:\a\mymodule20220704\mymodule20220704\unittests\bin\unittests.dll" id="ffe5c770-9b99-42c0-ce21-7e50cccf4385">
      <Execution id="fd0fafa1-120e-4c1c-987a-fdf5f91c7dd5" />
      <TestMethod codeBase="D:\a\MyModule20220704\MyModule20220704\UnitTests\bin\UnitTests.dll" adapterTypeName="executor://xunit/VsTestRunner2/net" className="UnitTests.Data.Repositories.GenericRepositoryTests" name="GenericRepositoryGetsAll" />
    </UnitTest>
    <UnitTest name="UnitTests.Data.Repositories.GenericRepositoryTests.GenericRepositoryGetsAll(iterations: 0)" storage="d:\a\mymodule20220704\mymodule20220704\unittests\bin\unittests.dll" id="4fe0dd0f-2fa0-9c42-e816-a6df28150b72">
      <Execution id="7f7a0a27-ed39-4432-a646-99e7cfaa04b6" />
      <TestMethod codeBase="D:\a\MyModule20220704\MyModule20220704\UnitTests\bin\UnitTests.dll" adapterTypeName="executor://xunit/VsTestRunner2/net" className="UnitTests.Data.Repositories.GenericRepositoryTests" name="GenericRepositoryGetsAll" />
    </UnitTest>
    <UnitTest name="UnitTests.Data.Repositories.GenericRepositoryTests.GetPage_Pages(page: 1, pageSize: 10, expectedItems: 10, expectedPages: 5)" storage="d:\a\mymodule20220704\mymodule20220704\unittests\bin\unittests.dll" id="c5867bfe-f023-3ae4-485c-eae070f2ace9">
      <Execution id="3e44bb98-1271-4bfd-879c-9915f34cd670" />
      <TestMethod codeBase="D:\a\MyModule20220704\MyModule20220704\UnitTests\bin\UnitTests.dll" adapterTypeName="executor://xunit/VsTestRunner2/net" className="UnitTests.Data.Repositories.GenericRepositoryTests" name="GetPage_Pages" />
    </UnitTest>
    <UnitTest name="UnitTests.Common.Extensions.IQueryableExtensionsTests.Order_OrdersBothWays(descending: False, expected: [1, 2, 3])" storage="d:\a\mymodule20220704\mymodule20220704\unittests\bin\unittests.dll" id="248341cb-553e-e275-a8eb-499567f40929">
      <Execution id="76ce00a0-c726-4541-8a38-085dd624c93a" />
      <TestMethod codeBase="D:\a\MyModule20220704\MyModule20220704\UnitTests\bin\UnitTests.dll" adapterTypeName="executor://xunit/VsTestRunner2/net" className="UnitTests.Common.Extensions.IQueryableExtensionsTests" name="Order_OrdersBothWays" />
    </UnitTest>
    <UnitTest name="UnitTests.Data.Repositories.GenericRepositoryTests.GetPage_Pages(page: 0, pageSize: 0, expectedItems: 1, expectedPages: 50)" storage="d:\a\mymodule20220704\mymodule20220704\unittests\bin\unittests.dll" id="3688eeeb-2a1a-6ffa-a193-543baf24437a">
      <Execution id="67cd3b39-ee12-46d7-92d5-86df1cc3d1ae" />
      <TestMethod codeBase="D:\a\MyModule20220704\MyModule20220704\UnitTests\bin\UnitTests.dll" adapterTypeName="executor://xunit/VsTestRunner2/net" className="UnitTests.Data.Repositories.GenericRepositoryTests" name="GetPage_Pages" />
    </UnitTest>
    <UnitTest name="UnitTests.Services.ItemServiceTests.CreateItem_NoItemThrows" storage="d:\a\mymodule20220704\mymodule20220704\unittests\bin\unittests.dll" id="f5652070-1b22-f5a7-3f3f-68b37c9184a8">
      <Execution id="bbb35bd4-4f09-48f6-a173-55b9c12a1e4f" />
      <TestMethod codeBase="D:\a\MyModule20220704\MyModule20220704\UnitTests\bin\UnitTests.dll" adapterTypeName="executor://xunit/VsTestRunner2/net" className="UnitTests.Services.ItemServiceTests" name="CreateItem_NoItemThrows" />
    </UnitTest>
    <UnitTest name="UnitTests.Data.Entities.ItemTests.ItemPropertiesPersist(id: 1, name: &quot;Name1&quot;, description: &quot;Description1&quot;)" storage="d:\a\mymodule20220704\mymodule20220704\unittests\bin\unittests.dll" id="392ed628-2028-c945-b97e-893658a1e82b">
      <Execution id="26cb0f2a-783b-48ca-8848-cd408fc3139a" />
      <TestMethod codeBase="D:\a\MyModule20220704\MyModule20220704\UnitTests\bin\UnitTests.dll" adapterTypeName="executor://xunit/VsTestRunner2/net" className="UnitTests.Data.Entities.ItemTests" name="ItemPropertiesPersist" />
    </UnitTest>
  </TestDefinitions>
  <TestEntries>
    <TestEntry testId="aec60494-3c2e-8ec9-f948-da5bb2043983" executionId="ed3b63b7-da1c-40b9-910d-b316ecc65554" testListId="8c84fa94-04c1-424b-9868-57a2d4851a1d" />
    <TestEntry testId="113f48ce-a6a3-c5df-7589-ba5a5fcb9c59" executionId="c746ad5b-4dd7-4f6a-b54d-acc29a2fe000" testListId="8c84fa94-04c1-424b-9868-57a2d4851a1d" />
    <TestEntry testId="130d9133-361f-a0da-f15e-423eb98947ac" executionId="d22aa7f3-65bb-4eb1-b3cc-44269d305ea2" testListId="8c84fa94-04c1-424b-9868-57a2d4851a1d" />
    <TestEntry testId="a21637b0-54f8-4fa0-bc3b-95481a9fd90b" executionId="c5bdbc81-c446-4e0b-bbfb-5c8666638125" testListId="8c84fa94-04c1-424b-9868-57a2d4851a1d" />
    <TestEntry testId="ae39aa62-5ff2-56e7-d00e-ef116d711d51" executionId="969fbc10-f305-4cb2-ba02-43d7328493ce" testListId="8c84fa94-04c1-424b-9868-57a2d4851a1d" />
    <TestEntry testId="ac1c50bc-98fd-036f-fe0f-d46cb187f90e" executionId="ab50a406-ec84-4d0b-875a-f3ef10f99b44" testListId="8c84fa94-04c1-424b-9868-57a2d4851a1d" />
    <TestEntry testId="d6094ca1-b65b-5133-f464-9f7d01f0d023" executionId="e85bab46-0410-4ede-add7-4111b2a1645b" testListId="8c84fa94-04c1-424b-9868-57a2d4851a1d" />
    <TestEntry testId="e6e0a140-85e7-6935-6160-ab95ecfd3c8a" executionId="4cbc1987-5102-4498-a291-b8b312334df6" testListId="8c84fa94-04c1-424b-9868-57a2d4851a1d" />
    <TestEntry testId="61a8ccc9-c5b1-047b-3c97-f777ccc7d30b" executionId="9970ae34-7872-42d5-ae2b-c38f4e998812" testListId="8c84fa94-04c1-424b-9868-57a2d4851a1d" />
    <TestEntry testId="24cfa8b0-48c3-8aab-e4c2-88694c220e2c" executionId="438c8f00-e149-4bab-a02f-650663e56de9" testListId="8c84fa94-04c1-424b-9868-57a2d4851a1d" />
    <TestEntry testId="1a74e347-4470-5271-97ab-1ebaf8693270" executionId="a36dce8a-f2db-4b47-937a-e05f96982235" testListId="8c84fa94-04c1-424b-9868-57a2d4851a1d" />
    <TestEntry testId="bae3532a-4a9e-c4ab-fc66-4dfa22d16170" executionId="1125b54e-3a75-4782-b6e9-5a17f01ea658" testListId="8c84fa94-04c1-424b-9868-57a2d4851a1d" />
    <TestEntry testId="3688eeeb-2a1a-6ffa-a193-543baf24437a" executionId="67cd3b39-ee12-46d7-92d5-86df1cc3d1ae" testListId="8c84fa94-04c1-424b-9868-57a2d4851a1d" />
    <TestEntry testId="8ba31d1b-48e3-e04e-cff0-b927c63b4a19" executionId="b9ef168f-573e-4347-8069-12b913fd9057" testListId="8c84fa94-04c1-424b-9868-57a2d4851a1d" />
    <TestEntry testId="a21637b0-54f8-4fa0-bc3b-95481a9fd90b" executionId="b08312db-a25e-4d4a-bb2f-c20f67c3c261" testListId="8c84fa94-04c1-424b-9868-57a2d4851a1d" />
    <TestEntry testId="a21637b0-54f8-4fa0-bc3b-95481a9fd90b" executionId="496b104e-23f6-4aea-902e-8459a097f2eb" testListId="8c84fa94-04c1-424b-9868-57a2d4851a1d" />
    <TestEntry testId="ac2a99ba-3563-74a9-7d4c-8e91a58cd097" executionId="20fee82d-3cf9-4638-878e-df1dd1923ba6" testListId="8c84fa94-04c1-424b-9868-57a2d4851a1d" />
    <TestEntry testId="92b7b9f6-1294-7ea1-ffa3-91fba85074d4" executionId="0127c569-02ad-4656-ae72-8226406516fa" testListId="8c84fa94-04c1-424b-9868-57a2d4851a1d" />
    <TestEntry testId="a21637b0-54f8-4fa0-bc3b-95481a9fd90b" executionId="7b28080c-15ba-427d-b9f8-795d905d7558" testListId="8c84fa94-04c1-424b-9868-57a2d4851a1d" />
    <TestEntry testId="0bc54975-0bff-692e-a9b3-fc69f2c95a39" executionId="e3ba3219-b96c-4a1f-bc7b-cae2cdd02062" testListId="8c84fa94-04c1-424b-9868-57a2d4851a1d" />
    <TestEntry testId="e55f1742-c16d-5086-2251-ad3372dd48f5" executionId="82f56505-9ea0-454b-86ea-c0b825a20136" testListId="8c84fa94-04c1-424b-9868-57a2d4851a1d" />
    <TestEntry testId="a21637b0-54f8-4fa0-bc3b-95481a9fd90b" executionId="b77f710d-935c-4931-95a2-5afb6818fe72" testListId="8c84fa94-04c1-424b-9868-57a2d4851a1d" />
    <TestEntry testId="d6cab32e-cf28-1ba8-73a6-76c46cb62c4a" executionId="fe855d92-b6c4-4ad5-9b15-e97f18f2116e" testListId="8c84fa94-04c1-424b-9868-57a2d4851a1d" />
    <TestEntry testId="70ede014-c412-e387-bb98-e95b3b42090d" executionId="1fb916c9-b4ea-47e8-a1d8-bb3fd758f237" testListId="8c84fa94-04c1-424b-9868-57a2d4851a1d" />
    <TestEntry testId="478b61ee-7d85-9dbe-985d-08c590f8666a" executionId="d465cbbc-0a37-4904-9681-dda2bd6f8bac" testListId="8c84fa94-04c1-424b-9868-57a2d4851a1d" />
    <TestEntry testId="1c164fbc-1ab1-9884-ccb8-9e84f4c977d0" executionId="89a9f533-8a4a-46a2-b25b-8e34275e41b6" testListId="8c84fa94-04c1-424b-9868-57a2d4851a1d" />
    <TestEntry testId="9168bdef-a759-f4d6-b890-b643e17324cf" executionId="bb82bc70-0430-4f99-b9ae-0e3144b1726a" testListId="8c84fa94-04c1-424b-9868-57a2d4851a1d" />
    <TestEntry testId="96a18501-dea4-70b1-d572-baa1bb120da2" executionId="7edae4d7-416b-4522-92e8-948eb5103831" testListId="8c84fa94-04c1-424b-9868-57a2d4851a1d" />
    <TestEntry testId="b76e01b1-6afe-f33b-c6a9-ea3347176509" executionId="b52c23f3-d1bc-44c5-b641-e6a6731bc3f2" testListId="8c84fa94-04c1-424b-9868-57a2d4851a1d" />
    <TestEntry testId="1017c6c1-9dd0-57dc-36e7-bb573d02562e" executionId="049d5487-b106-4434-9d4d-c56fa65f3e34" testListId="8c84fa94-04c1-424b-9868-57a2d4851a1d" />
    <TestEntry testId="248341cb-553e-e275-a8eb-499567f40929" executionId="76ce00a0-c726-4541-8a38-085dd624c93a" testListId="8c84fa94-04c1-424b-9868-57a2d4851a1d" />
    <TestEntry testId="19b6234c-c2df-2304-54f9-54b0da4cd6ba" executionId="b6b8e51f-81ae-4713-90b4-d5eb81b02f37" testListId="8c84fa94-04c1-424b-9868-57a2d4851a1d" />
    <TestEntry testId="36689490-09d4-917f-648a-70dcfcfede10" executionId="068cd05a-350f-4614-99b7-65d3024a1a17" testListId="8c84fa94-04c1-424b-9868-57a2d4851a1d" />
    <TestEntry testId="320e3c11-11d1-b3ef-0d2e-5e474f674ff1" executionId="b2048a8f-84ea-446a-b0aa-84e49dc81899" testListId="8c84fa94-04c1-424b-9868-57a2d4851a1d" />
    <TestEntry testId="e1c7f76f-6195-c844-23c0-304b47fbae66" executionId="bb468786-5d3a-4493-86fc-ad481832777c" testListId="8c84fa94-04c1-424b-9868-57a2d4851a1d" />
    <TestEntry testId="44b00d3a-bad7-aefd-141c-4a35b11463b2" executionId="90486f49-317b-414a-8ef3-4e03e28e83c2" testListId="8c84fa94-04c1-424b-9868-57a2d4851a1d" />
    <TestEntry testId="f5652070-1b22-f5a7-3f3f-68b37c9184a8" executionId="bbb35bd4-4f09-48f6-a173-55b9c12a1e4f" testListId="8c84fa94-04c1-424b-9868-57a2d4851a1d" />
    <TestEntry testId="74c28fcf-aa9b-2bab-0ff6-cfa98a0ddf49" executionId="61c8d418-1514-4f5d-beea-f307e73ae4ee" testListId="8c84fa94-04c1-424b-9868-57a2d4851a1d" />
    <TestEntry testId="986d7e6e-d04d-b204-b01c-fbb8f09c7774" executionId="e2d4b1c6-4965-4a99-8c9e-4509551633dc" testListId="8c84fa94-04c1-424b-9868-57a2d4851a1d" />
    <TestEntry testId="0247c7e7-7d1c-099b-2ac8-81a47ff2509a" executionId="587c78ea-00eb-4c53-bd09-c69285435686" testListId="8c84fa94-04c1-424b-9868-57a2d4851a1d" />
    <TestEntry testId="b6579d24-7c4e-c42d-2ead-85e0f30e0a64" executionId="94785b9e-4df2-4fb4-9d79-a54e741c88c0" testListId="8c84fa94-04c1-424b-9868-57a2d4851a1d" />
    <TestEntry testId="e4f8faa7-d0ad-86e6-1579-7bd52372b4c3" executionId="b73e344f-df06-4d9b-aade-f49410b6b1eb" testListId="8c84fa94-04c1-424b-9868-57a2d4851a1d" />
    <TestEntry testId="a9198ad3-782e-a37c-0b5f-1330f5318f55" executionId="349990e6-32cb-4389-b54e-eada2dd30d96" testListId="8c84fa94-04c1-424b-9868-57a2d4851a1d" />
    <TestEntry testId="e6610648-e456-1c64-d2b1-7e1242b871a8" executionId="055be22d-3a25-4f14-9549-2f58200db231" testListId="8c84fa94-04c1-424b-9868-57a2d4851a1d" />
    <TestEntry testId="a21637b0-54f8-4fa0-bc3b-95481a9fd90b" executionId="36d00604-35a4-4036-ba52-3172b6097154" testListId="8c84fa94-04c1-424b-9868-57a2d4851a1d" />
    <TestEntry testId="263c08b1-704a-f3c2-309e-6dee831dbdc9" executionId="f519b212-3e7a-4ff6-aff5-21a0f59d0946" testListId="8c84fa94-04c1-424b-9868-57a2d4851a1d" />
    <TestEntry testId="315adde5-f36d-a74f-aa46-fb22a0f78cd9" executionId="e900ffea-59d7-40b9-9d26-5b557918e4b6" testListId="8c84fa94-04c1-424b-9868-57a2d4851a1d" />
    <TestEntry testId="3cbfa5d3-e0f6-eff8-ed5c-556fa1f3e131" executionId="9c201c75-f4e2-4518-af70-a60b39baafa5" testListId="8c84fa94-04c1-424b-9868-57a2d4851a1d" />
    <TestEntry testId="588a2c1b-7788-beb2-ade0-06788d455d25" executionId="7811274d-1ae9-418e-b908-35192809b8cc" testListId="8c84fa94-04c1-424b-9868-57a2d4851a1d" />
    <TestEntry testId="d15ea2a7-9f9f-b92b-50fa-470898da705d" executionId="f31b3401-3c74-4be0-b394-3ff48dec599b" testListId="8c84fa94-04c1-424b-9868-57a2d4851a1d" />
    <TestEntry testId="99806ad3-88f0-7495-8b3e-3799a4bbb6aa" executionId="df644529-db87-46ff-a022-13ae375dccda" testListId="8c84fa94-04c1-424b-9868-57a2d4851a1d" />
    <TestEntry testId="4fe0dd0f-2fa0-9c42-e816-a6df28150b72" executionId="7f7a0a27-ed39-4432-a646-99e7cfaa04b6" testListId="8c84fa94-04c1-424b-9868-57a2d4851a1d" />
    <TestEntry testId="ffe5c770-9b99-42c0-ce21-7e50cccf4385" executionId="fd0fafa1-120e-4c1c-987a-fdf5f91c7dd5" testListId="8c84fa94-04c1-424b-9868-57a2d4851a1d" />
    <TestEntry testId="0ebf358f-9eac-9438-b418-9c6aa81a6377" executionId="a2114f0c-da99-48c9-935b-06da98cf03ac" testListId="8c84fa94-04c1-424b-9868-57a2d4851a1d" />
    <TestEntry testId="168fc980-36e3-101b-62b1-f5ab71e9fc0d" executionId="ffa316aa-7089-4f3b-bec6-a4a7175220c5" testListId="8c84fa94-04c1-424b-9868-57a2d4851a1d" />
    <TestEntry testId="c5867bfe-f023-3ae4-485c-eae070f2ace9" executionId="3e44bb98-1271-4bfd-879c-9915f34cd670" testListId="8c84fa94-04c1-424b-9868-57a2d4851a1d" />
    <TestEntry testId="d16880d7-fb44-f209-43d9-ba2e0e1875de" executionId="42f2eeb7-cd79-48ff-b036-a366501c4767" testListId="8c84fa94-04c1-424b-9868-57a2d4851a1d" />
    <TestEntry testId="d1c63cb7-1f9a-a8bf-a217-a4cbb4e5f73b" executionId="e33ec200-ed57-41b5-b891-6a996dd532e4" testListId="8c84fa94-04c1-424b-9868-57a2d4851a1d" />
    <TestEntry testId="572fc310-4b67-9555-f147-153d39f2eb82" executionId="fe9ff891-f776-4faa-81aa-ca5d6c3f7774" testListId="8c84fa94-04c1-424b-9868-57a2d4851a1d" />
    <TestEntry testId="5f92ec4d-d570-0452-b891-d4cee75db9dd" executionId="25ba1851-9178-492f-a7fd-7af6e42ef56f" testListId="8c84fa94-04c1-424b-9868-57a2d4851a1d" />
    <TestEntry testId="f754f777-4449-23e8-f4ec-917f49117de2" executionId="421f0400-28d0-4b53-82e3-b6412256943a" testListId="8c84fa94-04c1-424b-9868-57a2d4851a1d" />
    <TestEntry testId="392ed628-2028-c945-b97e-893658a1e82b" executionId="26cb0f2a-783b-48ca-8848-cd408fc3139a" testListId="8c84fa94-04c1-424b-9868-57a2d4851a1d" />
    <TestEntry testId="ad3412e8-5f64-2020-a5b6-bd4cca8c3b7d" executionId="f7073425-b4fb-475b-b6b2-5bf88b053881" testListId="8c84fa94-04c1-424b-9868-57a2d4851a1d" />
  </TestEntries>
  <TestLists>
    <TestList name="Results Not in a List" id="8c84fa94-04c1-424b-9868-57a2d4851a1d" />
    <TestList name="All Loaded Results" id="19431567-8539-422a-85d7-44ee4e166bda" />
  </TestLists>
  <ResultSummary outcome="Completed">
    <Counters total="63" executed="63" passed="63" failed="0" error="0" timeout="0" aborted="0" inconclusive="0" passedButRunAborted="0" notRunnable="0" notExecuted="0" disconnected="0" warning="0" completed="0" inProgress="0" pending="0" />
    <Output>
      <StdOut>[xUnit.net 00:00:00.00] xUnit.net VSTest Adapter v2.4.5+1caef2f33e (32-bit Desktop .NET 4.0.30319.42000)&#xD;
[xUnit.net 00:00:00.82]   Discovering: UnitTests&#xD;
[xUnit.net 00:00:00.98]   Discovered:  UnitTests&#xD;
[xUnit.net 00:00:00.99]   Starting:    UnitTests&#xD;
[xUnit.net 00:00:05.49]   Finished:    UnitTests&#xD;
</StdOut>
    </Output>
  </ResultSummary>
</TestRun>